Component: ARM Compiler 5.06 update 5 (build 528) Tool: armlink [4d35e2]

==============================================================================

Section Cross References

    main.o(.text) refers to _printf_percent.o(.ARM.Collect$$_printf_percent$$00000000) for _printf_percent
    main.o(.text) refers to _printf_f.o(.ARM.Collect$$_printf_percent$$00000003) for _printf_f
    main.o(.text) refers to printf1.o(x$fpl$printf1) for _printf_fp_dec
    main.o(.text) refers to _printf_d.o(.ARM.Collect$$_printf_percent$$00000009) for _printf_d
    main.o(.text) refers to _printf_dec.o(.text) for _printf_int_dec
    main.o(.text) refers to cpu_a.o(.text) for CPU_SR_Save
    main.o(.text) refers to f2d.o(x$fpl$f2d) for __aeabi_f2d
    main.o(.text) refers to noretval__2printf.o(.text) for __2printf
    main.o(.text) refers to os_core.o(.text) for OS_Sched0
    main.o(.text) refers to delay.o(.text) for delay_ms
    main.o(.text) refers to os_time.o(.text) for OSTimeDlyHMSM
    main.o(.text) refers to os_task.o(.text) for OSTaskDel
    main.o(.text) refers to cpu_core.o(.text) for CPU_Init
    main.o(.text) refers to os_stat.o(.text) for OSStatTaskCPUUsageInit
    main.o(.text) refers to misc.o(.text) for NVIC_PriorityGroupConfig
    main.o(.text) refers to usart.o(.text) for uart_init
    main.o(.text) refers to led.o(.text) for LED_Init
    main.o(.text) refers to main.o(.data) for float_num
    main.o(.text) refers to os_var.o(.data) for OSSchedLockNestingCtr
    main.o(.text) refers to main.o(.bss) for Led0TaskTCB
    system_stm32f4xx.o(.text) refers to system_stm32f4xx.o(.data) for SystemCoreClock
    led.o(.text) refers to stm32f4xx_rcc.o(.text) for RCC_AHB1PeriphClockCmd
    led.o(.text) refers to stm32f4xx_gpio.o(.text) for GPIO_Init
    startup_stm32f40_41xxx.o(STACK) refers (Special) to heapauxi.o(.text) for __use_two_region_memory
    startup_stm32f40_41xxx.o(HEAP) refers (Special) to heapauxi.o(.text) for __use_two_region_memory
    startup_stm32f40_41xxx.o(RESET) refers (Special) to heapauxi.o(.text) for __use_two_region_memory
    startup_stm32f40_41xxx.o(RESET) refers to startup_stm32f40_41xxx.o(STACK) for __initial_sp
    startup_stm32f40_41xxx.o(RESET) refers to startup_stm32f40_41xxx.o(.text) for Reset_Handler
    startup_stm32f40_41xxx.o(RESET) refers to stm32f4xx_it.o(.text) for NMI_Handler
    startup_stm32f40_41xxx.o(RESET) refers to os_cpu_a.o(CODE) for PendSV_Handler
    startup_stm32f40_41xxx.o(RESET) refers to delay.o(.text) for SysTick_Handler
    startup_stm32f40_41xxx.o(RESET) refers to usart.o(.text) for USART1_IRQHandler
    startup_stm32f40_41xxx.o(.text) refers (Special) to heapauxi.o(.text) for __use_two_region_memory
    startup_stm32f40_41xxx.o(.text) refers to system_stm32f4xx.o(.text) for SystemInit
    startup_stm32f40_41xxx.o(.text) refers to __main.o(!!!main) for __main
    startup_stm32f40_41xxx.o(.text) refers to startup_stm32f40_41xxx.o(HEAP) for Heap_Mem
    startup_stm32f40_41xxx.o(.text) refers to startup_stm32f40_41xxx.o(STACK) for Stack_Mem
    stm32f4xx_gpio.o(.text) refers to stm32f4xx_rcc.o(.text) for RCC_AHB1PeriphResetCmd
    stm32f4xx_rcc.o(.text) refers to stm32f4xx_rcc.o(.data) for APBAHBPrescTable
    stm32f4xx_syscfg.o(.text) refers to stm32f4xx_rcc.o(.text) for RCC_APB2PeriphResetCmd
    stm32f4xx_usart.o(.text) refers to stm32f4xx_rcc.o(.text) for RCC_APB2PeriphResetCmd
    delay.o(.text) refers to os_core.o(.text) for OSSchedLock
    delay.o(.text) refers to os_time.o(.text) for OSTimeDly
    delay.o(.text) refers to misc.o(.text) for SysTick_CLKSourceConfig
    delay.o(.text) refers to os_var.o(.data) for OSRunning
    delay.o(.text) refers to delay.o(.data) for fac_us
    delay.o(.text) refers to os_cfg_app.o(.constdata) for OSCfg_TickRate_Hz
    usart.o(.rev16_text) refers (Special) to use_no_semi_2.o(.text) for __use_no_semihosting
    usart.o(.revsh_text) refers (Special) to use_no_semi_2.o(.text) for __use_no_semihosting
    usart.o(.text) refers (Special) to use_no_semi_2.o(.text) for __use_no_semihosting
    usart.o(.text) refers to stm32f4xx_rcc.o(.text) for RCC_AHB1PeriphClockCmd
    usart.o(.text) refers to stm32f4xx_gpio.o(.text) for GPIO_PinAFConfig
    usart.o(.text) refers to stm32f4xx_usart.o(.text) for USART_Init
    usart.o(.text) refers to misc.o(.text) for NVIC_Init
    usart.o(.text) refers to os_core.o(.text) for OSIntEnter
    usart.o(.text) refers to usart.o(.data) for USART_RX_STA
    usart.o(.text) refers to usart.o(.bss) for USART_RX_BUF
    usart.o(.bss) refers (Special) to use_no_semi_2.o(.text) for __use_no_semihosting
    usart.o(.data) refers (Special) to use_no_semi_2.o(.text) for __use_no_semihosting
    bsp.o(.text) refers to stm32f4xx_rcc.o(.text) for RCC_GetClocksFreq
    bsp.o(.text) refers to cpu_core.o(.text) for CPU_TS_TmrFreqSet
    bsp.o(.text) refers to lludivv7m.o(.text) for __aeabi_uldivmod
    cpu_c.o(.text) refers to cpu_a.o(.text) for CPU_SR_Save
[...]
    CAN2_TX_IRQHandler                       0x08000903   Thumb Code     0  startup_stm32f40_41xxx.o(.text)
    CRYP_IRQHandler                          0x08000903   Thumb Code     0  startup_stm32f40_41xxx.o(.text)
    DCMI_IRQHandler                          0x08000903   Thumb Code     0  startup_stm32f40_41xxx.o(.text)
    DMA1_Stream0_IRQHandler                  0x08000903   Thumb Code     0  startup_stm32f40_41xxx.o(.text)
    DMA1_Stream1_IRQHandler                  0x08000903   Thumb Code     0  startup_stm32f40_41xxx.o(.text)
    DMA1_Stream2_IRQHandler                  0x08000903   Thumb Code     0  startup_stm32f40_41xxx.o(.text)
    DMA1_Stream3_IRQHandler                  0x08000903   Thumb Code     0  startup_stm32f40_41xxx.o(.text)
    DMA1_Stream4_IRQHandler                  0x08000903   Thumb Code     0  startup_stm32f40_41xxx.o(.text)
    DMA1_Stream5_IRQHandler                  0x08000903   Thumb Code     0  startup_stm32f40_41xxx.o(.text)
    DMA1_Stream6_IRQHandler                  0x08000903   Thumb Code     0  startup_stm32f40_41xxx.o(.text)
    DMA1_Stream7_IRQHandler                  0x08000903   Thumb Code     0  startup_stm32f40_41xxx.o(.text)
    DMA2_Stream0_IRQHandler                  0x08000903   Thumb Code     0  startup_stm32f40_41xxx.o(.text)
    DMA2_Stream1_IRQHandler                  0x08000903   Thumb Code     0  startup_stm32f40_41xxx.o(.text)
    DMA2_Stream2_IRQHandler                  0x08000903   Thumb Code     0  startup_stm32f40_41xxx.o(.text)
    DMA2_Stream3_IRQHandler                  0x08000903   Thumb Code     0  startup_stm32f40_41xxx.o(.text)
    DMA2_Stream4_IRQHandler                  0x08000903   Thumb Code     0  startup_stm32f40_41xxx.o(.text)
    DMA2_Stream5_IRQHandler                  0x08000903   Thumb Code     0  startup_stm32f40_41xxx.o(.text)
    DMA2_Stream6_IRQHandler                  0x08000903   Thumb Code     0  startup_stm32f40_41xxx.o(.text)
    DMA2_Stream7_IRQHandler                  0x08000903   Thumb Code     0  startup_stm32f40_41xxx.o(.text)
    ETH_IRQHandler                           0x08000903   Thumb Code     0  startup_stm32f40_41xxx.o(.text)
    ETH_WKUP_IRQHandler                      0x08000903   Thumb Code     0  startup_stm32f40_41xxx.o(.text)
    EXTI0_IRQHandler                         0x08000903   Thumb Code     0  startup_stm32f40_41xxx.o(.text)
    EXTI15_10_IRQHandler                     0x08000903   Thumb Code     0  startup_stm32f40_41xxx.o(.text)
    EXTI1_IRQHandler                         0x08000903   Thumb Code     0  startup_stm32f40_41xxx.o(.text)
    EXTI2_IRQHandler                         0x08000903   Thumb Code     0  startup_stm32f40_41xxx.o(.text)
    EXTI3_IRQHandler                         0x08000903   Thumb Code     0  startup_stm32f40_41xxx.o(.text)
    EXTI4_IRQHandler                         0x08000903   Thumb Code     0  startup_stm32f40_41xxx.o(.text)
    EXTI9_5_IRQHandler                       0x08000903   Thumb Code     0  startup_stm32f40_41xxx.o(.text)
    FLASH_IRQHandler                         0x08000903   Thumb Code     0  startup_stm32f40_41xxx.o(.text)
    FPU_IRQHandler                           0x08000903   Thumb Code     0  startup_stm32f40_41xxx.o(.text)
    FSMC_IRQHandler                          0x08000903   Thumb Code     0  startup_stm32f40_41xxx.o(.text)
    HASH_RNG_IRQHandler                      0x08000903   Thumb Code     0  startup_stm32f40_41xxx.o(.text)
    I2C1_ER_IRQHandler                       0x08000903   Thumb Code     0  startup_stm32f40_41xxx.o(.text)
    I2C1_EV_IRQHandler                       0x08000903   Thumb Code     0  startup_stm32f40_41xxx.o(.text)
    I2C2_ER_IRQHandler                       0x08000903   Thumb Code     0  startup_stm32f40_41xxx.o(.text)
    I2C2_EV_IRQHandler                       0x08000903   Thumb Code     0  startup_stm32f40_41xxx.o(.text)
    I2C3_ER_IRQHandler                       0x08000903   Thumb Code     0  startup_stm32f40_41xxx.o(.text)
    I2C3_EV_IRQHandler                       0x08000903   Thumb Code     0  startup_stm32f40_41xxx.o(.text)
    OTG_FS_IRQHandler                        0x08000903   Thumb Code     0  startup_stm32f40_41xxx.o(.text)
    OTG_FS_WKUP_IRQHandler                   0x08000903   Thumb Code     0  startup_stm32f40_41xxx.o(.text)
    OTG_HS_EP1_IN_IRQHandler                 0x08000903   Thumb Code     0  startup_stm32f40_41xxx.o(.text)
    OTG_HS_EP1_OUT_IRQHandler                0x08000903   Thumb Code     0  startup_stm32f40_41xxx.o(.text)
    OTG_HS_IRQHandler                        0x08000903   Thumb Code     0  startup_stm32f40_41xxx.o(.text)
    OTG_HS_WKUP_IRQHandler                   0x08000903   Thumb Code     0  startup_stm32f40_41xxx.o(.text)
    PVD_IRQHandler                           0x08000903   Thumb Code     0  startup_stm32f40_41xxx.o(.text)
    RCC_IRQHandler                           0x08000903   Thumb Code     0  startup_stm32f40_41xxx.o(.text)
    RTC_Alarm_IRQHandler                     0x08000903   Thumb Code     0  startup_stm32f40_41xxx.o(.text)
    RTC_WKUP_IRQHandler                      0x08000903   Thumb Code     0  startup_stm32f40_41xxx.o(.text)
    SDIO_IRQHandler                          0x08000903   Thumb Code     0  startup_stm32f40_41xxx.o(.text)
    SPI1_IRQHandler                          0x08000903   Thumb Code     0  startup_stm32f40_41xxx.o(.text)
    SPI2_IRQHandler                          0x08000903   Thumb Code     0  startup_stm32f40_41xxx.o(.text)
    SPI3_IRQHandler                          0x08000903   Thumb Code     0  startup_stm32f40_41xxx.o(.text)
    TAMP_STAMP_IRQHandler                    0x08000903   Thumb Code     0  startup_stm32f40_41xxx.o(.text)
    TIM1_BRK_TIM9_IRQHandler                 0x08000903   Thumb Code     0  startup_stm32f40_41xxx.o(.text)
    TIM1_CC_IRQHandler                       0x08000903   Thumb Code     0  startup_stm32f40_41xxx.o(.text)
    TIM1_TRG_COM_TIM11_IRQHandler            0x08000903   Thumb Code     0  startup_stm32f40_41xxx.o(.text)
    TIM1_UP_TIM10_IRQHandler                 0x08000903   Thumb Code     0  startup_stm32f40_41xxx.o(.text)
    TIM2_IRQHandler                          0x08000903   Thumb Code     0  startup_stm32f40_41xxx.o(.text)
    TIM3_IRQHandler                          0x08000903   Thumb Code     0  startup_stm32f40_41xxx.o(.text)
    TIM4_IRQHandler                          0x08000903   Thumb Code     0  startup_stm32f40_41xxx.o(.text)
    TIM5_IRQHandler                          0x08000903   Thumb Code     0  startup_stm32f40_41xxx.o(.text)
    TIM6_DAC_IRQHandler                      0x08000903   Thumb Code     0  startup_stm32f40_41xxx.o(.text)
    TIM7_IRQHandler                          0x08000903   Thumb Code     0  startup_stm32f40_41xxx.o(.text)
    TIM8_BRK_TIM12_IRQHandler                0x08000903   Thumb Code     0  startup_stm32f40_41xxx.o(.text)
    TIM8_CC_IRQHandler                       0x08000903   Thumb Code     0  startup_stm32f40_41xxx.o(.text)
    TIM8_TRG_COM_TIM14_IRQHandler            0x08000903   Thumb Code     0  startup_stm32f40_41xxx.o(.text)
    TIM8_UP_TIM13_IRQHandler                 0x08000903   Thumb Code     0  startup_stm32f40_41xxx.o(.text)
    UART4_IRQHandler                         0x08000903   Thumb Code     0  startup_stm32f40_41xxx.o(.text)
    UART5_IRQHandler                         0x08000903   Thumb Code     0  startup_stm32f40_41xxx.o(.text)
    USART2_IRQHandler                        0x08000903   Thumb Code     0  startup_stm32f40_41xxx.o(.text)
    USART3_IRQHandler                        0x08000903   Thumb Code     0  startup_stm32f40_41xxx.o(.text)
    USART6_IRQHandler                        0x08000903   Thumb Code     0  startup_stm32f40_41xxx.o(.text)
    WWDG_IRQHandler                          0x08000903   Thumb Code     0  startup_stm32f40_41xxx.o(.text)
    __user_initial_stackheap                 0x08000905   Thumb Code     0  startup_stm32f40_41xxx.o(.text)
    NVIC_PriorityGroupConfig                 0x08000929   Thumb Code    10  misc.o(.text)
    NVIC_Init                                0x08000933   Thumb Code   106  misc.o(.text)
    NVIC_SetVectorTable                      0x0800099d   Thumb Code    14  misc.o(.text)
    NVIC_SystemLPConfig                      0x080009ab   Thumb Code    34  misc.o(.text)
    SysTick_CLKSourceConfig                  0x080009cd   Thumb Code    40  misc.o(.text)
    GPIO_DeInit                              0x08000a09   Thumb Code   268  stm32f4xx_gpio.o(.text)
    GPIO_Init                                0x08000b15   Thumb Code   144  stm32f4xx_gpio.o(.text)
    GPIO_StructInit                          0x08000ba5   Thumb Code    18  stm32f4xx_gpio.o(.text)
    GPIO_PinLockConfig                       0x08000bb7   Thumb Code    34  stm32f4xx_gpio.o(.text)
    GPIO_ReadInputDataBit                    0x08000bd9   Thumb Code    18  stm32f4xx_gpio.o(.text)
    GPIO_ReadInputData                       0x08000beb   Thumb Code     8  stm32f4xx_gpio.o(.text)
    GPIO_ReadOutputDataBit                   0x08000bf3   Thumb Code    18  stm32f4xx_gpio.o(.text)
    GPIO_ReadOutputData                      0x08000c05   Thumb Code     8  stm32f4xx_gpio.o(.text)
    GPIO_SetBits                             0x08000c0d   Thumb Code     4  stm32f4xx_gpio.o(.text)
    GPIO_ResetBits                           0x08000c11   Thumb Code     4  stm32f4xx_gpio.o(.text)
    GPIO_WriteBit                            0x08000c15   Thumb Code    10  stm32f4xx_gpio.o(.text)
    GPIO_Write                               0x08000c1f   Thumb Code     4  stm32f4xx_gpio.o(.text)
    GPIO_ToggleBits                          0x08000c23   Thumb Code     8  stm32f4xx_gpio.o(.text)
    GPIO_PinAFConfig                         0x08000c2b   Thumb Code    70  stm32f4xx_gpio.o(.text)
    RCC_DeInit                               0x08000c9d   Thumb Code    82  stm32f4xx_rcc.o(.text)
    RCC_HSEConfig                            0x08000cef   Thumb Code    14  stm32f4xx_rcc.o(.text)
    RCC_GetFlagStatus                        0x08000cfd   Thumb Code    60  stm32f4xx_rcc.o(.text)
    RCC_WaitForHSEStartUp                    0x08000d39   Thumb Code    56  stm32f4xx_rcc.o(.text)
    RCC_AdjustHSICalibrationValue            0x08000d71   Thumb Code    20  stm32f4xx_rcc.o(.text)
    RCC_HSICmd                               0x08000d85   Thumb Code     6  stm32f4xx_rcc.o(.text)
    RCC_LSEConfig                            0x08000d8b   Thumb Code    46  stm32f4xx_rcc.o(.text)
    RCC_LSICmd                               0x08000db9   Thumb Code     6  stm32f4xx_rcc.o(.text)
    RCC_PLLConfig                            0x08000dbf   Thumb Code    32  stm32f4xx_rcc.o(.text)
    RCC_PLLCmd                               0x08000ddf   Thumb Code     6  stm32f4xx_rcc.o(.text)
    RCC_PLLI2SConfig                         0x08000de5   Thumb Code    14  stm32f4xx_rcc.o(.text)
    RCC_PLLI2SCmd                            0x08000df3   Thumb Code     6  stm32f4xx_rcc.o(.text)
    RCC_PLLSAIConfig                         0x08000df9   Thumb Code    20  stm32f4xx_rcc.o(.text)
    RCC_PLLSAICmd                            0x08000e0d   Thumb Code     6  stm32f4xx_rcc.o(.text)
    RCC_ClockSecuritySystemCmd               0x08000e13   Thumb Code     6  stm32f4xx_rcc.o(.text)
    RCC_MCO1Config                           0x08000e19   Thumb Code    28  stm32f4xx_rcc.o(.text)
    RCC_MCO2Config                           0x08000e35   Thumb Code    28  stm32f4xx_rcc.o(.text)
    RCC_SYSCLKConfig                         0x08000e51   Thumb Code    20  stm32f4xx_rcc.o(.text)
    RCC_GetSYSCLKSource                      0x08000e65   Thumb Code    12  stm32f4xx_rcc.o(.text)
    RCC_HCLKConfig                           0x08000e71   Thumb Code    20  stm32f4xx_rcc.o(.text)
    RCC_PCLK1Config                          0x08000e85   Thumb Code    20  stm32f4xx_rcc.o(.text)
    RCC_PCLK2Config                          0x08000e99   Thumb Code    22  stm32f4xx_rcc.o(.text)
    RCC_GetClocksFreq                        0x08000eaf   Thumb Code   222  stm32f4xx_rcc.o(.text)
    RCC_RTCCLKConfig                         0x08000f8d   Thumb Code    54  stm32f4xx_rcc.o(.text)
    RCC_RTCCLKCmd                            0x08000fc3   Thumb Code     8  stm32f4xx_rcc.o(.text)
    RCC_BackupResetCmd                       0x08000fcb   Thumb Code     8  stm32f4xx_rcc.o(.text)
    RCC_I2SCLKConfig                         0x08000fd3   Thumb Code     6  stm32f4xx_rcc.o(.text)
    RCC_SAIPLLI2SClkDivConfig                0x08000fd9   Thumb Code    26  stm32f4xx_rcc.o(.text)
    RCC_SAIPLLSAIClkDivConfig                0x08000ff3   Thumb Code    28  stm32f4xx_rcc.o(.text)
    RCC_SAIBlockACLKConfig                   0x0800100f   Thumb Code    20  stm32f4xx_rcc.o(.text)
    RCC_SAIBlockBCLKConfig                   0x08001023   Thumb Code    20  stm32f4xx_rcc.o(.text)
    RCC_LTDCCLKDivConfig                     0x08001037   Thumb Code    20  stm32f4xx_rcc.o(.text)
    RCC_TIMCLKPresConfig                     0x0800104b   Thumb Code     6  stm32f4xx_rcc.o(.text)
    RCC_AHB1PeriphClockCmd                   0x08001051   Thumb Code    34  stm32f4xx_rcc.o(.text)
    RCC_AHB2PeriphClockCmd                   0x08001073   Thumb Code    78  stm32f4xx_rcc.o(.text)
    RCC_AHB3PeriphClockCmd                   0x080010c1   Thumb Code    34  stm32f4xx_rcc.o(.text)
    RCC_APB1PeriphClockCmd                   0x080010e3   Thumb Code    34  stm32f4xx_rcc.o(.text)
    RCC_APB2PeriphClockCmd                   0x08001105   Thumb Code    34  stm32f4xx_rcc.o(.text)
    RCC_AHB1PeriphResetCmd                   0x08001127   Thumb Code    34  stm32f4xx_rcc.o(.text)
    RCC_AHB2PeriphResetCmd                   0x08001149   Thumb Code    34  stm32f4xx_rcc.o(.text)
    RCC_AHB3PeriphResetCmd                   0x0800116b   Thumb Code    34  stm32f4xx_rcc.o(.text)
    RCC_APB1PeriphResetCmd                   0x0800118d   Thumb Code    34  stm32f4xx_rcc.o(.text)
    RCC_APB2PeriphResetCmd                   0x080011af   Thumb Code    34  stm32f4xx_rcc.o(.text)
    RCC_AHB1PeriphClockLPModeCmd             0x080011d1   Thumb Code    34  stm32f4xx_rcc.o(.text)
    RCC_AHB2PeriphClockLPModeCmd             0x080011f3   Thumb Code    34  stm32f4xx_rcc.o(.text)
    RCC_AHB3PeriphClockLPModeCmd             0x08001215   Thumb Code    34  stm32f4xx_rcc.o(.text)
    RCC_APB1PeriphClockLPModeCmd             0x08001237   Thumb Code    34  stm32f4xx_rcc.o(.text)
    RCC_APB2PeriphClockLPModeCmd             0x08001259   Thumb Code    34  stm32f4xx_rcc.o(.text)
    RCC_LSEModeConfig                        0x0800127b   Thumb Code    40  stm32f4xx_rcc.o(.text)
    RCC_ITConfig                             0x080012a3   Thumb Code    34  stm32f4xx_rcc.o(.text)
    RCC_ClearFlag                            0x080012c5   Thumb Code    18  stm32f4xx_rcc.o(.text)
    RCC_GetITStatus                          0x080012d7   Thumb Code    22  stm32f4xx_rcc.o(.text)
    RCC_ClearITPendingBit                    0x080012ed   Thumb Code     8  stm32f4xx_rcc.o(.text)
    USART_DeInit                             0x080012f9   Thumb Code   206  stm32f4xx_usart.o(.text)
    USART_Init                               0x080013c7   Thumb Code   204  stm32f4xx_usart.o(.text)
    USART_StructInit                         0x08001493   Thumb Code    24  stm32f4xx_usart.o(.text)
    USART_ClockInit                          0x080014ab   Thumb Code    32  stm32f4xx_usart.o(.text)
    USART_ClockStructInit                    0x080014cb   Thumb Code    12  stm32f4xx_usart.o(.text)
    USART_Cmd                                0x080014d7   Thumb Code    24  stm32f4xx_usart.o(.text)
    USART_SetPrescaler                       0x080014ef   Thumb Code    16  stm32f4xx_usart.o(.text)
    USART_OverSampling8Cmd                   0x080014ff   Thumb Code    22  stm32f4xx_usart.o(.text)
    USART_OneBitMethodCmd                    0x08001515   Thumb Code    24  stm32f4xx_usart.o(.text)
    USART_SendData                           0x0800152d   Thumb Code     8  stm32f4xx_usart.o(.text)
    USART_ReceiveData                        0x08001535   Thumb Code    10  stm32f4xx_usart.o(.text)
    USART_SetAddress                         0x0800153f   Thumb Code    18  stm32f4xx_usart.o(.text)
    USART_ReceiverWakeUpCmd                  0x08001551   Thumb Code    24  stm32f4xx_usart.o(.text)
    USART_WakeUpConfig                       0x08001569   Thumb Code    18  stm32f4xx_usart.o(.text)
    USART_LINBreakDetectLengthConfig         0x0800157b   Thumb Code    18  stm32f4xx_usart.o(.text)
    USART_LINCmd                             0x0800158d   Thumb Code    24  stm32f4xx_usart.o(.text)
    USART_SendBreak                          0x080015a5   Thumb Code    10  stm32f4xx_usart.o(.text)
    USART_HalfDuplexCmd                      0x080015af   Thumb Code    24  stm32f4xx_usart.o(.text)
    USART_SetGuardTime                       0x080015c7   Thumb Code    16  stm32f4xx_usart.o(.text)
    USART_SmartCardCmd                       0x080015d7   Thumb Code    24  stm32f4xx_usart.o(.text)
    USART_SmartCardNACKCmd                   0x080015ef   Thumb Code    24  stm32f4xx_usart.o(.text)
    USART_IrDAConfig                         0x08001607   Thumb Code    18  stm32f4xx_usart.o(.text)
    USART_IrDACmd                            0x08001619   Thumb Code    24  stm32f4xx_usart.o(.text)
    USART_DMACmd                             0x08001631   Thumb Code    18  stm32f4xx_usart.o(.text)
    USART_ITConfig                           0x08001643   Thumb Code    74  stm32f4xx_usart.o(.text)
    USART_GetFlagStatus                      0x0800168d   Thumb Code    26  stm32f4xx_usart.o(.text)
    USART_ClearFlag                          0x080016a7   Thumb Code    18  stm32f4xx_usart.o(.text)
    USART_GetITStatus                        0x080016b9   Thumb Code   118  stm32f4xx_usart.o(.text)
    USART_ClearITPendingBit                  0x0800172f   Thumb Code    30  stm32f4xx_usart.o(.text)
    delay_osschedlock                        0x0800174d   Thumb Code    10  delay.o(.text)
    delay_osschedunlock                      0x08001757   Thumb Code    10  delay.o(.text)
    delay_ostimedly                          0x08001761   Thumb Code    16  delay.o(.text)
    SysTick_Handler                          0x08001771   Thumb Code    24  delay.o(.text)
    delay_init                               0x08001789   Thumb Code    94  delay.o(.text)
    delay_us                                 0x080017e7   Thumb Code    84  delay.o(.text)
    delay_ms                                 0x0800183b   Thumb Code    66  delay.o(.text)
    _sys_exit                                0x08001895   Thumb Code     4  usart.o(.text)
    fputc                                    0x08001899   Thumb Code    22  usart.o(.text)
    uart_init                                0x080018af   Thumb Code   172  usart.o(.text)
    USART1_IRQHandler                        0x0800195b   Thumb Code   130  usart.o(.text)
    BSP_CPU_ClkFreq                          0x080019ed   Thumb Code    14  bsp.o(.text)
    CPU_TS_TmrInit                           0x080019fb   Thumb Code    44  bsp.o(.text)
    CPU_TS_TmrRd                             0x08001a27   Thumb Code     6  bsp.o(.text)
    CPU_TS32_to_uSec                         0x08001a2d   Thumb Code    54  bsp.o(.text)
    CPU_NameClr                              0x08001a71   Thumb Code    42  cpu_core.o(.text)
    CPU_Init                                 0x08001ab1   Thumb Code    12  cpu_core.o(.text)
    CPU_SW_Exception                         0x08001abd   Thumb Code     4  cpu_core.o(.text)
    CPU_NameGet                              0x08001ac1   Thumb Code    70  cpu_core.o(.text)
    CPU_NameSet                              0x08001b07   Thumb Code    96  cpu_core.o(.text)
    CPU_TS_Get32                             0x08001b67   Thumb Code    12  cpu_core.o(.text)
    CPU_TS_Update                            0x08001b73   Thumb Code     2  cpu_core.o(.text)
    CPU_TS_TmrFreqGet                        0x08001b75   Thumb Code    30  cpu_core.o(.text)
    CPU_TS_TmrFreqSet                        0x08001b93   Thumb Code     6  cpu_core.o(.text)
    CPU_CntLeadZeros08                       0x08001b99   Thumb Code    18  cpu_core.o(.text)
    CPU_CntLeadZeros16                       0x08001bab   Thumb Code    18  cpu_core.o(.text)
    CPU_CntLeadZeros32                       0x08001bbd   Thumb Code    18  cpu_core.o(.text)
    CPU_CntLeadZeros64                       0x08001bcf   Thumb Code   188  cpu_core.o(.text)
    CPU_CntTrailZeros08                      0x08001c8b   Thumb Code    22  cpu_core.o(.text)
    CPU_CntTrailZeros16                      0x08001ca1   Thumb Code    22  cpu_core.o(.text)
    CPU_CntTrailZeros32                      0x08001cb7   Thumb Code    22  cpu_core.o(.text)
    CPU_CntTrailZeros64                      0x08001ccd   Thumb Code    62  cpu_core.o(.text)
    CPU_IntDis                               0x08001d19   Thumb Code     0  cpu_a.o(.text)
    CPU_IntEn                                0x08001d1d   Thumb Code     0  cpu_a.o(.text)
    CPU_SR_Save                              0x08001d21   Thumb Code     0  cpu_a.o(.text)
    CPU_SR_Restore                           0x08001d29   Thumb Code     0  cpu_a.o(.text)
    CPU_WaitForInt                           0x08001d2f   Thumb Code     0  cpu_a.o(.text)
    CPU_WaitForExcept                        0x08001d33   Thumb Code     0  cpu_a.o(.text)
    CPU_CntLeadZeros                         0x08001d37   Thumb Code     0  cpu_a.o(.text)
    CPU_CntTrailZeros                        0x08001d3d   Thumb Code     0  cpu_a.o(.text)
    CPU_RevBits                              0x08001d47   Thumb Code     0  cpu_a.o(.text)
    ASCII_IsAlpha                            0x08001d4d   Thumb Code    48  lib_ascii.o(.text)
    ASCII_IsAlphaNum                         0x08001d7d   Thumb Code    76  lib_ascii.o(.text)
    ASCII_IsLower                            0x08001dc9   Thumb Code    20  lib_ascii.o(.text)
    ASCII_IsUpper                            0x08001ddd   Thumb Code    20  lib_ascii.o(.text)
    ASCII_IsDig                              0x08001df1   Thumb Code    20  lib_ascii.o(.text)
    ASCII_IsDigOct                           0x08001e05   Thumb Code    20  lib_ascii.o(.text)
    ASCII_IsDigHex                           0x08001e19   Thumb Code    36  lib_ascii.o(.text)
    ASCII_IsBlank                            0x08001e3d   Thumb Code    20  lib_ascii.o(.text)
    ASCII_IsSpace                            0x08001e51   Thumb Code    36  lib_ascii.o(.text)
    ASCII_IsPrint                            0x08001e75   Thumb Code    20  lib_ascii.o(.text)
    ASCII_IsGraph                            0x08001e89   Thumb Code    20  lib_ascii.o(.text)
    ASCII_IsPunct                            0x08001e9d   Thumb Code   134  lib_ascii.o(.text)
    ASCII_IsCtrl                             0x08001f23   Thumb Code    26  lib_ascii.o(.text)
    ASCII_ToLower                            0x08001f3d   Thumb Code    32  lib_ascii.o(.text)
    ASCII_ToUpper                            0x08001f5d   Thumb Code    32  lib_ascii.o(.text)
    ASCII_Cmp                                0x08001f7d   Thumb Code    38  lib_ascii.o(.text)
    Mem_Init                                 0x08001fa5   Thumb Code    54  lib_mem.o(.text)
    Mem_Set                                  0x08001fdb   Thumb Code    84  lib_mem.o(.text)
    Mem_Clr                                  0x0800202f   Thumb Code    18  lib_mem.o(.text)
    Mem_Move                                 0x08002041   Thumb Code   186  lib_mem.o(.text)
    Mem_Cmp                                  0x080020fb   Thumb Code   192  lib_mem.o(.text)
    Mem_HeapAlloc                            0x08002233   Thumb Code   168  lib_mem.o(.text)
    Mem_SegGetSizeRem                        0x080022db   Thumb Code   108  lib_mem.o(.text)
    Mem_HeapGetSizeRem                       0x08002347   Thumb Code    22  lib_mem.o(.text)
    Mem_PoolClr                              0x0800235d   Thumb Code    80  lib_mem.o(.text)
    Mem_PoolCreate                           0x080023ad   Thumb Code   838  lib_mem.o(.text)
    Mem_PoolBlkGetNbrAvail                   0x080026f3   Thumb Code    52  lib_mem.o(.text)
    Mem_PoolBlkGet                           0x08002727   Thumb Code   126  lib_mem.o(.text)
    Mem_PoolBlkGetUsedAtIx                   0x080027a5   Thumb Code   140  lib_mem.o(.text)
    Mem_PoolBlkFree                          0x08002831   Thumb Code   152  lib_mem.o(.text)
    Mem_PoolBlkIxGet                         0x080028c9   Thumb Code   162  lib_mem.o(.text)
    Str_Len_N                                0x0800296d   Thumb Code    28  lib_str.o(.text)
    Str_Len                                  0x08002989   Thumb Code    20  lib_str.o(.text)
    Str_Copy_N                               0x0800299d   Thumb Code    70  lib_str.o(.text)
    Str_Copy                                 0x080029e3   Thumb Code    24  lib_str.o(.text)
    Str_Cat_N                                0x080029fb   Thumb Code    90  lib_str.o(.text)
    Str_Cat                                  0x08002a55   Thumb Code    24  lib_str.o(.text)
    Str_Cmp_N                                0x08002a6d   Thumb Code   156  lib_str.o(.text)
    Str_Cmp                                  0x08002b09   Thumb Code    24  lib_str.o(.text)
    Str_CmpIgnoreCase_N                      0x08002b21   Thumb Code   264  lib_str.o(.text)
    Str_CmpIgnoreCase                        0x08002c29   Thumb Code    24  lib_str.o(.text)
    Str_Char_N                               0x08002c41   Thumb Code    74  lib_str.o(.text)
    Str_Char                                 0x08002c8b   Thumb Code    24  lib_str.o(.text)
    Str_Char_Last_N                          0x08002ca3   Thumb Code    76  lib_str.o(.text)
    Str_Char_Last                            0x08002cef   Thumb Code    24  lib_str.o(.text)
    Str_Char_Replace_N                       0x08002d07   Thumb Code    52  lib_str.o(.text)
    Str_Char_Replace                         0x08002d3b   Thumb Code    28  lib_str.o(.text)
    Str_Str_N                                0x08002d57   Thumb Code   182  lib_str.o(.text)
    Str_Str                                  0x08002e0d   Thumb Code    24  lib_str.o(.text)
    Str_FmtNbr_Int32U                        0x08003001   Thumb Code    46  lib_str.o(.text)
    Str_FmtNbr_Int32S                        0x0800302f   Thumb Code    62  lib_str.o(.text)
    Str_ParseNbr_Int32U                      0x0800322b   Thumb Code    30  lib_str.o(.text)
    Str_ParseNbr_Int32S                      0x08003249   Thumb Code    74  lib_str.o(.text)
    Mem_Copy                                 0x08003299   Thumb Code     0  lib_mem_a.o(.text)
    OSCfg_Init                               0x080034b9   Thumb Code    86  os_cfg_app.o(.text)
    OS_IdleTask                              0x080035b5   Thumb Code    60  os_core.o(.text)
    OS_IdleTaskInit                          0x080035f1   Thumb Code    68  os_core.o(.text)
    OS_RdyListInit                           0x08003635   Thumb Code    32  os_core.o(.text)
    OSInit                                   0x08003655   Thumb Code   300  os_core.o(.text)
    OSIntEnter                               0x08003781   Thumb Code    34  os_core.o(.text)
    OSIntExit                                0x080037a3   Thumb Code   188  os_core.o(.text)
    OSSched                                  0x0800385f   Thumb Code   130  os_core.o(.text)
    OS_SchedLockTimeMeasStart                0x080038e1   Thumb Code    20  os_core.o(.text)
    OSSchedLock                              0x080038f5   Thumb Code   104  os_core.o(.text)
    OS_SchedLockTimeMeasStop                 0x0800395d   Thumb Code    44  os_core.o(.text)
    OSSchedUnlock                            0x08003989   Thumb Code   286  os_core.o(.text)
    OSSchedRoundRobinCfg                     0x08003aa7   Thumb Code    88  os_core.o(.text)
    OS_RdyListMoveHeadToTail                 0x08003aff   Thumb Code    68  os_core.o(.text)
    OSSchedRoundRobinYield                   0x08003b43   Thumb Code   164  os_core.o(.text)
    OSStart                                  0x08003be7   Thumb Code    78  os_core.o(.text)
    OSVersion                                0x08003c35   Thumb Code    12  os_core.o(.text)
    OS_PendDbgNameAdd                        0x08003c41   Thumb Code    66  os_core.o(.text)
    OS_PendListInsertPrio                    0x08003c83   Thumb Code   102  os_core.o(.text)
    OS_PendDataInit                          0x08003ce9   Thumb Code    38  os_core.o(.text)
    OS_RdyListRemove                         0x08003d0f   Thumb Code    86  os_core.o(.text)
    OS_TaskBlock                             0x08003d65   Thumb Code    56  os_core.o(.text)
    OS_Pend                                  0x08003d9d   Thumb Code    98  os_core.o(.text)
    OS_PendListRemove1                       0x08003dff   Thumb Code   136  os_core.o(.text)
    OS_PendListRemove                        0x08003e87   Thumb Code    48  os_core.o(.text)
    OS_PendAbort1                            0x08003eb7   Thumb Code    36  os_core.o(.text)
    OS_RdyListInsertHead                     0x08003edb   Thumb Code    58  os_core.o(.text)
    OS_RdyListInsertTail                     0x08003f15   Thumb Code    56  os_core.o(.text)
    OS_RdyListInsert                         0x08003f4d   Thumb Code    40  os_core.o(.text)
    OS_TaskRdy                               0x08003f75   Thumb Code    28  os_core.o(.text)
    OS_PendAbort                             0x08003f91   Thumb Code   166  os_core.o(.text)
    OS_PendDbgNameRemove                     0x08004037   Thumb Code    34  os_core.o(.text)
    OS_PendListChangePrio                    0x08004059   Thumb Code    70  os_core.o(.text)
    OS_PendListInit                          0x0800409f   Thumb Code    10  os_core.o(.text)
    OS_PendListInsertHead                    0x080040a9   Thumb Code    32  os_core.o(.text)
    OS_PendObjDel1                           0x080040c9   Thumb Code    36  os_core.o(.text)
    OS_PendObjDel                            0x080040ed   Thumb Code   162  os_core.o(.text)
    OS_Post1                                 0x0800418f   Thumb Code    42  os_core.o(.text)
    OS_Post                                  0x080041b9   Thumb Code   192  os_core.o(.text)
    OS_Sched0                                0x08004279   Thumb Code    68  os_core.o(.text)
    OS_SchedRoundRobin                       0x080042bd   Thumb Code   218  os_core.o(.text)
    OS_Dbg_Init                              0x080043a5   Thumb Code   146  os_dbg.o(.text)
    OS_FlagDbgListAdd                        0x08004555   Thumb Code    38  os_flag.o(.text)
    OSFlagCreate                             0x0800457b   Thumb Code   172  os_flag.o(.text)
    OS_FlagClr                               0x08004627   Thumb Code    28  os_flag.o(.text)
    OS_FlagDbgListRemove                     0x08004643   Thumb Code    44  os_flag.o(.text)
    OSFlagDel                                0x0800466f   Thumb Code   594  os_flag.o(.text)
    OS_FlagBlock                             0x080048c1   Thumb Code    58  os_flag.o(.text)
    OSFlagPend                               0x080048fb   Thumb Code  1488  os_flag.o(.text)
    OSFlagPendAbort                          0x08004ecb   Thumb Code   292  os_flag.o(.text)
    OSFlagPendGetFlagsRdy                    0x08004fef   Thumb Code    68  os_flag.o(.text)
    OS_FlagTaskRdy                           0x08005033   Thumb Code    86  os_flag.o(.text)
    OS_FlagPost                              0x08005089   Thumb Code   570  os_flag.o(.text)
    OSFlagPost                               0x080052c3   Thumb Code   146  os_flag.o(.text)
    OS_FlagInit                              0x08005355   Thumb Code    14  os_flag.o(.text)
    OS_IntQPost                              0x0800537d   Thumb Code   216  os_int.o(.text)
    OS_IntQRePost                            0x08005455   Thumb Code   360  os_int.o(.text)
    OS_IntQTask                              0x080055bd   Thumb Code   162  os_int.o(.text)
    OS_IntQTaskInit                          0x0800565f   Thumb Code   208  os_int.o(.text)
    OS_MemDbgListAdd                         0x080057c1   Thumb Code    34  os_mem.o(.text)
    OSMemCreate                              0x080057e3   Thumb Code   288  os_mem.o(.text)
    OSMemGet                                 0x08005903   Thumb Code   100  os_mem.o(.text)
    OSMemPut                                 0x08005967   Thumb Code   112  os_mem.o(.text)
    OS_MemInit                               0x080059d7   Thumb Code    14  os_mem.o(.text)
    OS_MsgPoolCreate                         0x080059f9   Thumb Code    54  os_msg.o(.text)
    OS_MsgPoolInit                           0x08005a2f   Thumb Code    70  os_msg.o(.text)
    OS_MsgQFreeAll                           0x08005a75   Thumb Code    62  os_msg.o(.text)
    OS_MsgQInit                              0x08005ab3   Thumb Code    14  os_msg.o(.text)
    OS_MsgQGet                               0x08005ac1   Thumb Code    98  os_msg.o(.text)
    OS_MsgQPut                               0x08005b23   Thumb Code   246  os_msg.o(.text)
    OS_MutexDbgListAdd                       0x08005c25   Thumb Code    38  os_mutex.o(.text)
    OSMutexCreate                            0x08005c4b   Thumb Code   178  os_mutex.o(.text)
    OS_MutexClr                              0x08005cfd   Thumb Code    38  os_mutex.o(.text)
    OS_MutexDbgListRemove                    0x08005d23   Thumb Code    44  os_mutex.o(.text)
    OSMutexDel                               0x08005d4f   Thumb Code   842  os_mutex.o(.text)
    OSMutexPend                              0x08006099   Thumb Code   706  os_mutex.o(.text)
    OSMutexPendAbort                         0x0800635b   Thumb Code   314  os_mutex.o(.text)
    OSMutexPost                              0x08006495   Thumb Code   564  os_mutex.o(.text)
    OS_MutexInit                             0x080066c9   Thumb Code    14  os_mutex.o(.text)
    OS_PrioInit                              0x080066f9   Thumb Code    20  os_prio.o(.text)
    OS_PrioGetHighest                        0x0800670d   Thumb Code    36  os_prio.o(.text)
    OS_PrioInsert                            0x08006731   Thumb Code    32  os_prio.o(.text)
    OS_PrioRemove                            0x08006751   Thumb Code    32  os_prio.o(.text)
    OS_QDbgListAdd                           0x08006775   Thumb Code    38  os_q.o(.text)
    OSQCreate                                0x0800679b   Thumb Code   186  os_q.o(.text)
    OS_QClr                                  0x08006855   Thumb Code    40  os_q.o(.text)
    OS_QDbgListRemove                        0x0800687d   Thumb Code    44  os_q.o(.text)
    OSQDel                                   0x080068a9   Thumb Code   362  os_q.o(.text)
    OSQFlush                                 0x08006a13   Thumb Code   210  os_q.o(.text)
    OSQPend                                  0x08006ae5   Thumb Code   538  os_q.o(.text)
    OSQPendAbort                             0x08006cff   Thumb Code   292  os_q.o(.text)
    OS_QPost                                 0x08006e23   Thumb Code   324  os_q.o(.text)
    OSQPost                                  0x08006f67   Thumb Code   198  os_q.o(.text)
    OS_QInit                                 0x0800702d   Thumb Code    14  os_q.o(.text)
    OS_SemDbgListAdd                         0x0800704d   Thumb Code    38  os_sem.o(.text)
    OSSemCreate                              0x08007073   Thumb Code   172  os_sem.o(.text)
    OS_SemClr                                0x0800711f   Thumb Code    28  os_sem.o(.text)
    OS_SemDbgListRemove                      0x0800713b   Thumb Code    44  os_sem.o(.text)
    OSSemDel                                 0x08007167   Thumb Code   362  os_sem.o(.text)
    OSSemPend                                0x080072d1   Thumb Code   504  os_sem.o(.text)
    OSSemPendAbort                           0x080074c9   Thumb Code   292  os_sem.o(.text)
    OS_SemPost                               0x080075ed   Thumb Code   350  os_sem.o(.text)
    OSSemPost                                0x0800774b   Thumb Code   144  os_sem.o(.text)
    OSSemSet                                 0x080077db   Thumb Code   138  os_sem.o(.text)
    OS_SemInit                               0x08007865   Thumb Code    14  os_sem.o(.text)
    OSStatReset                              0x0800787d   Thumb Code   270  os_stat.o(.text)
    OSStatTaskCPUUsageInit                   0x0800798b   Thumb Code   212  os_stat.o(.text)
    OS_StatTask                              0x08007a5f   Thumb Code   888  os_stat.o(.text)
    OS_StatTaskInit                          0x08007dd7   Thumb Code   138  os_stat.o(.text)
    OSTaskChangePrio                         0x08007eb5   Thumb Code   416  os_task.o(.text)
    OS_TaskDbgListAdd                        0x08008055   Thumb Code    42  os_task.o(.text)
    OS_TaskInitTCB                           0x0800807f   Thumb Code   186  os_task.o(.text)
    OSTaskCreate                             0x08008139   Thumb Code   616  os_task.o(.text)
    OS_TaskDbgListRemove                     0x080083a1   Thumb Code    64  os_task.o(.text)
    OSTaskDel                                0x080083e1   Thumb Code   424  os_task.o(.text)
    OSTaskQFlush                             0x08008589   Thumb Code   214  os_task.o(.text)
    OSTaskQPend                              0x0800865f   Thumb Code   554  os_task.o(.text)
    OSTaskQPendAbort                         0x08008889   Thumb Code   242  os_task.o(.text)
    OS_TaskQPost                             0x0800897b   Thumb Code   526  os_task.o(.text)
    OSTaskQPost                              0x08008b89   Thumb Code   114  os_task.o(.text)
    OSTaskRegGet                             0x08008bfb   Thumb Code    78  os_task.o(.text)
    OSTaskRegGetID                           0x08008c49   Thumb Code    84  os_task.o(.text)
    OSTaskRegSet                             0x08008c9d   Thumb Code    78  os_task.o(.text)
    OS_TaskResume                            0x08008ceb   Thumb Code   314  os_task.o(.text)
    OSTaskResume                             0x08008e25   Thumb Code   112  os_task.o(.text)
    OSTaskSemPend                            0x08008e95   Thumb Code   550  os_task.o(.text)
    OSTaskSemPendAbort                       0x080090bb   Thumb Code   270  os_task.o(.text)
    OS_TaskSemPost                           0x080091c9   Thumb Code  1224  os_task.o(.text)
    OSTaskSemPost                            0x08009691   Thumb Code    98  os_task.o(.text)
    OSTaskSemSet                             0x080096f3   Thumb Code    80  os_task.o(.text)
    OSTaskStkChk                             0x08009743   Thumb Code   224  os_task.o(.text)
    OS_TaskSuspend                           0x08009823   Thumb Code   328  os_task.o(.text)
    OSTaskSuspend                            0x0800996b   Thumb Code    78  os_task.o(.text)
    OSTaskTimeQuantaSet                      0x080099b9   Thumb Code    96  os_task.o(.text)
    OS_TaskInit                              0x08009a19   Thumb Code    18  os_task.o(.text)
    OS_TaskReturn                            0x08009a2b   Thumb Code    20  os_task.o(.text)
    OS_TickListRemove                        0x08009a69   Thumb Code    56  os_tick.o(.text)
    OS_TickListUpdate                        0x08009aa1   Thumb Code   480  os_tick.o(.text)
    OS_TickTask                              0x08009c81   Thumb Code    38  os_tick.o(.text)
    OS_TickListInit                          0x08009ca7   Thumb Code    32  os_tick.o(.text)
    OS_TickTaskInit                          0x08009cc7   Thumb Code   130  os_tick.o(.text)
    OS_TickListInsert                        0x08009d49   Thumb Code   502  os_tick.o(.text)
    OS_TickListResetPeak                     0x08009f3f   Thumb Code    28  os_tick.o(.text)
    OSTimeDly                                0x08009f65   Thumb Code   266  os_time.o(.text)
    OSTimeDlyHMSM                            0x0800a06f   Thumb Code   480  os_time.o(.text)
    OSTimeDlyResume                          0x0800a24f   Thumb Code   466  os_time.o(.text)
    OSTimeGet                                0x0800a421   Thumb Code    46  os_time.o(.text)
    OSTimeSet                                0x0800a44f   Thumb Code    46  os_time.o(.text)
    OSTimeTick                               0x0800a47d   Thumb Code    54  os_time.o(.text)
    OS_TmrDbgListAdd                         0x0800a4c9   Thumb Code    34  os_tmr.o(.text)
    OSTmrCreate                              0x0800a4eb   Thumb Code   248  os_tmr.o(.text)
    OS_TmrClr                                0x0800a5e3   Thumb Code    36  os_tmr.o(.text)
    OS_TmrUnlink                             0x0800a607   Thumb Code    72  os_tmr.o(.text)
    OS_TmrDbgListRemove                      0x0800a64f   Thumb Code    44  os_tmr.o(.text)
    OSTmrDel                                 0x0800a67b   Thumb Code   176  os_tmr.o(.text)
    OSTmrRemainGet                           0x0800a72b   Thumb Code   184  os_tmr.o(.text)
    OS_TmrLink                               0x0800a7e3   Thumb Code   196  os_tmr.o(.text)
    OSTmrStart                               0x0800a8a7   Thumb Code   210  os_tmr.o(.text)
    OSTmrStateGet                            0x0800a979   Thumb Code   134  os_tmr.o(.text)
    OSTmrStop                                0x0800a9ff   Thumb Code   232  os_tmr.o(.text)
    OS_TmrTask                               0x0800aae7   Thumb Code   176  os_tmr.o(.text)
    OS_TmrInit                               0x0800ab97   Thumb Code   208  os_tmr.o(.text)
    OS_TmrResetPeak                          0x0800ac67   Thumb Code    28  os_tmr.o(.text)
    OSIdleTaskHook                           0x0800ace1   Thumb Code    16  os_cpu_c.o(.text)
    OSInitHook                               0x0800acf1   Thumb Code    28  os_cpu_c.o(.text)
    OSStatTaskHook                           0x0800ad0d   Thumb Code    16  os_cpu_c.o(.text)
    OSTaskCreateHook                         0x0800ad1d   Thumb Code    20  os_cpu_c.o(.text)
    OSTaskDelHook                            0x0800ad31   Thumb Code    20  os_cpu_c.o(.text)
    OSTaskReturnHook                         0x0800ad45   Thumb Code    20  os_cpu_c.o(.text)
    OSTaskStkInit                            0x0800ad59   Thumb Code   600  os_cpu_c.o(.text)
    OSTaskSwHook                             0x0800afb1   Thumb Code   120  os_cpu_c.o(.text)
    OSTimeTickHook                           0x0800b029   Thumb Code    16  os_cpu_c.o(.text)
    OS_CPU_SysTickHandler                    0x0800b039   Thumb Code    52  os_cpu_c.o(.text)
    OS_CPU_SysTickInit                       0x0800b06d   Thumb Code    44  os_cpu_c.o(.text)
    __use_no_semihosting                     0x0800b0d9   Thumb Code     2  use_no_semi_2.o(.text)
    __aeabi_uldivmod                         0x0800b0db   Thumb Code     0  lludivv7m.o(.text)
    _ll_udiv                                 0x0800b0db   Thumb Code   238  lludivv7m.o(.text)
    __2printf                                0x0800b1c9   Thumb Code    20  noretval__2printf.o(.text)
    _printf_int_dec                          0x0800b1e1   Thumb Code   104  _printf_dec.o(.text)
    __printf                                 0x0800b259   Thumb Code   270  __printf_wp.o(.text)
    __use_two_region_memory                  0x0800b367   Thumb Code     2  heapauxi.o(.text)
    __rt_heap_escrow$2region                 0x0800b369   Thumb Code     2  heapauxi.o(.text)
    __rt_heap_expand$2region                 0x0800b36b   Thumb Code     2  heapauxi.o(.text)
    __I$use$semihosting                      0x0800b36d   Thumb Code     0  use_no_semi.o(.text)
    __use_no_semihosting_swi                 0x0800b36d   Thumb Code     2  use_no_semi.o(.text)
    _printf_int_common                       0x0800b36f   Thumb Code   178  _printf_intcommon.o(.text)
    __lib_sel_fp_printf                      0x0800b421   Thumb Code     2  _printf_fp_dec.o(.text)
    _printf_fp_dec_real                      0x0800b5d3   Thumb Code   620  _printf_fp_dec.o(.text)
    _printf_char_file                        0x0800b841   Thumb Code    32  _printf_char_file.o(.text)
    __rt_locale                              0x0800b865   Thumb Code     8  rt_locale_intlibspace.o(.text)
    _ll_udiv10                               0x0800b86d   Thumb Code   138  lludiv10.o(.text)
    _printf_char_common                      0x0800b903   Thumb Code    32  _printf_char_common.o(.text)
    _printf_fp_infnan                        0x0800b929   Thumb Code   112  _printf_fp_infnan.o(.text)
    _btod_etento                             0x0800b9a9   Thumb Code   224  bigflt0.o(.text)
    ferror                                   0x0800ba8d   Thumb Code     8  ferror.o(.text)
    __user_libspace                          0x0800ba95   Thumb Code     8  libspace.o(.text)
    __user_perproc_libspace                  0x0800ba95   Thumb Code     0  libspace.o(.text)
    __user_perthread_libspace                0x0800ba95   Thumb Code     0  libspace.o(.text)
    __user_setup_stackheap                   0x0800ba9d   Thumb Code    74  sys_stackheap_outer.o(.text)
    exit                                     0x0800bae7   Thumb Code    18  exit.o(.text)
    strcmp                                   0x0800baf9   Thumb Code   128  strcmpv7m.o(.text)
    _btod_d2e                                0x0800bb79   Thumb Code    62  btod.o(CL$$btod_d2e)
    _d2e_denorm_low                          0x0800bbb7   Thumb Code    70  btod.o(CL$$btod_d2e_denorm_low)
    _d2e_norm_op1                            0x0800bbfd   Thumb Code    96  btod.o(CL$$btod_d2e_norm_op1)
    __btod_div_common                        0x0800bc5d   Thumb Code   696  btod.o(CL$$btod_div_common)
    _e2e                                     0x0800bf95   Thumb Code   220  btod.o(CL$$btod_e2e)
    _btod_ediv                               0x0800c071   Thumb Code    42  btod.o(CL$$btod_ediv)
    _btod_emul                               0x0800c09b   Thumb Code    42  btod.o(CL$$btod_emul)
    __btod_mult_common                       0x0800c0c5   Thumb Code   580  btod.o(CL$$btod_mult_common)
    OSStartHighRdy                           0x0800c309   Thumb Code     0  os_cpu_a.o(CODE)
    OSCtxSw                                  0x0800c32b   Thumb Code     0  os_cpu_a.o(CODE)
    OSIntCtxSw                               0x0800c335   Thumb Code     0  os_cpu_a.o(CODE)
    PendSV_Handler                           0x0800c33f   Thumb Code     0  os_cpu_a.o(CODE)
    __ARM_fpclassify                         0x0800c3b5   Thumb Code    48  fpclassify.o(i.__ARM_fpclassify)
    _is_digit                                0x0800c3e5   Thumb Code    14  __printf_wp.o(i._is_digit)
    _get_lc_numeric                          0x0800c3f5   Thumb Code    44  lc_numeric_c.o(locale$$code)
    __fpl_dretinf                            0x0800c421   Thumb Code    12  dretinf.o(x$fpl$dretinf)
    __aeabi_f2d                              0x0800c42d   Thumb Code     0  f2d.o(x$fpl$f2d)
    _f2d                                     0x0800c42d   Thumb Code    86  f2d.o(x$fpl$f2d)
    __fpl_fnaninf                            0x0800c483   Thumb Code   140  fnaninf.o(x$fpl$fnaninf)
    _fp_init                                 0x0800c50f   Thumb Code    10  fpinit.o(x$fpl$fpinit)
    __fplib_config_fpu_vfp                   0x0800c517   Thumb Code     0  fpinit.o(x$fpl$fpinit)
    __fplib_config_pureend_doubles           0x0800c517   Thumb Code     0  fpinit.o(x$fpl$fpinit)
    _printf_fp_dec                           0x0800c519   Thumb Code     4  printf1.o(x$fpl$printf1)
    __I$use$fp                               0x0800c51c   Number         0  usenofp.o(x$fpl$usenofp)
    CPU_EndiannessTest                       0x0800c61c   Data           4  cpu_core.o(.constdata)
    OSCfg_IdleTaskStkBasePtr                 0x0800c6b4   Data           4  os_cfg_app.o(.constdata)
    OSCfg_IdleTaskStkLimit                   0x0800c6b8   Data           4  os_cfg_app.o(.constdata)
    OSCfg_IdleTaskStkSize                    0x0800c6bc   Data           4  os_cfg_app.o(.constdata)
    OSCfg_IdleTaskStkSizeRAM                 0x0800c6c0   Data           4  os_cfg_app.o(.constdata)
    OSCfg_IntQBasePtr                        0x0800c6c4   Data           4  os_cfg_app.o(.constdata)
    OSCfg_IntQSize                           0x0800c6c8   Data           2  os_cfg_app.o(.constdata)
    OSCfg_IntQSizeRAM                        0x0800c6cc   Data           4  os_cfg_app.o(.constdata)
    OSCfg_IntQTaskStkBasePtr                 0x0800c6d0   Data           4  os_cfg_app.o(.constdata)
    OSCfg_IntQTaskStkLimit                   0x0800c6d4   Data           4  os_cfg_app.o(.constdata)
    OSCfg_IntQTaskStkSize                    0x0800c6d8   Data           4  os_cfg_app.o(.constdata)
    OSCfg_IntQTaskStkSizeRAM                 0x0800c6dc   Data           4  os_cfg_app.o(.constdata)
    OSCfg_ISRStkBasePtr                      0x0800c6e0   Data           4  os_cfg_app.o(.constdata)
    OSCfg_ISRStkSize                         0x0800c6e4   Data           4  os_cfg_app.o(.constdata)
    OSCfg_ISRStkSizeRAM                      0x0800c6e8   Data           4  os_cfg_app.o(.constdata)
    OSCfg_MsgPoolSize                        0x0800c6ec   Data           2  os_cfg_app.o(.constdata)
    OSCfg_MsgPoolSizeRAM                     0x0800c6f0   Data           4  os_cfg_app.o(.constdata)
    OSCfg_MsgPoolBasePtr                     0x0800c6f4   Data           4  os_cfg_app.o(.constdata)
    OSCfg_StatTaskPrio                       0x0800c6f8   Data           1  os_cfg_app.o(.constdata)
    OSCfg_StatTaskRate_Hz                    0x0800c6fc   Data           4  os_cfg_app.o(.constdata)
    OSCfg_StatTaskStkBasePtr                 0x0800c700   Data           4  os_cfg_app.o(.constdata)
    OSCfg_StatTaskStkLimit                   0x0800c704   Data           4  os_cfg_app.o(.constdata)
    OSCfg_StatTaskStkSize                    0x0800c708   Data           4  os_cfg_app.o(.constdata)
    OSCfg_StatTaskStkSizeRAM                 0x0800c70c   Data           4  os_cfg_app.o(.constdata)
    OSCfg_StkSizeMin                         0x0800c710   Data           4  os_cfg_app.o(.constdata)
    OSCfg_TickRate_Hz                        0x0800c714   Data           4  os_cfg_app.o(.constdata)
    OSCfg_TickTaskPrio                       0x0800c718   Data           1  os_cfg_app.o(.constdata)
    OSCfg_TickTaskStkBasePtr                 0x0800c71c   Data           4  os_cfg_app.o(.constdata)
    OSCfg_TickTaskStkLimit                   0x0800c720   Data           4  os_cfg_app.o(.constdata)
    OSCfg_TickTaskStkSize                    0x0800c724   Data           4  os_cfg_app.o(.constdata)
    OSCfg_TickTaskStkSizeRAM                 0x0800c728   Data           4  os_cfg_app.o(.constdata)
    OSCfg_TickWheelSize                      0x0800c72c   Data           2  os_cfg_app.o(.constdata)
    OSCfg_TickWheelSizeRAM                   0x0800c730   Data           4  os_cfg_app.o(.constdata)
    OSCfg_TmrTaskPrio                        0x0800c734   Data           1  os_cfg_app.o(.constdata)
    OSCfg_TmrTaskRate_Hz                     0x0800c738   Data           4  os_cfg_app.o(.constdata)
    OSCfg_TmrTaskStkBasePtr                  0x0800c73c   Data           4  os_cfg_app.o(.constdata)
    OSCfg_TmrTaskStkLimit                    0x0800c740   Data           4  os_cfg_app.o(.constdata)
    OSCfg_TmrTaskStkSize                     0x0800c744   Data           4  os_cfg_app.o(.constdata)
    OSCfg_TmrTaskStkSizeRAM                  0x0800c748   Data           4  os_cfg_app.o(.constdata)
    OSCfg_TmrWheelSize                       0x0800c74c   Data           2  os_cfg_app.o(.constdata)
    OSCfg_TmrWheelSizeRAM                    0x0800c750   Data           4  os_cfg_app.o(.constdata)
    OSCfg_DataSizeRAM                        0x0800c754   Data           4  os_cfg_app.o(.constdata)
    OSDbg_DbgEn                              0x0800c758   Data           2  os_dbg.o(.constdata)
    OSDbg_ArgChkEn                           0x0800c75a   Data           1  os_dbg.o(.constdata)
    OSDbg_AppHooksEn                         0x0800c75b   Data           1  os_dbg.o(.constdata)
    OSDbg_EndiannessTest                     0x0800c75c   Data           4  os_dbg.o(.constdata)
    OSDbg_CalledFromISRChkEn                 0x0800c760   Data           1  os_dbg.o(.constdata)
    OSDbg_FlagEn                             0x0800c761   Data           1  os_dbg.o(.constdata)
    OSDbg_FlagGrp                            0x0800c764   Data          40  os_dbg.o(.constdata)
    OSDbg_FlagDelEn                          0x0800c78c   Data           1  os_dbg.o(.constdata)
    OSDbg_FlagModeClrEn                      0x0800c78d   Data           1  os_dbg.o(.constdata)
    OSDbg_FlagPendAbortEn                    0x0800c78e   Data           1  os_dbg.o(.constdata)
    OSDbg_FlagGrpSize                        0x0800c790   Data           2  os_dbg.o(.constdata)
    OSDbg_FlagWidth                          0x0800c792   Data           2  os_dbg.o(.constdata)
    OSDbg_IntQ                               0x0800c794   Data           2  os_dbg.o(.constdata)
    OSDbg_ISRPostDeferredEn                  0x0800c796   Data           1  os_dbg.o(.constdata)
    OSDbg_Mem                                0x0800c798   Data          32  os_dbg.o(.constdata)
    OSDbg_MemEn                              0x0800c7b8   Data           1  os_dbg.o(.constdata)
    OSDbg_MemSize                            0x0800c7ba   Data           2  os_dbg.o(.constdata)
    OSDbg_MsgEn                              0x0800c7bc   Data           1  os_dbg.o(.constdata)
    OSDbg_MsgSize                            0x0800c7be   Data           2  os_dbg.o(.constdata)
    OSDbg_MsgPoolSize                        0x0800c7c0   Data           2  os_dbg.o(.constdata)
    OSDbg_MsgQSize                           0x0800c7c2   Data           2  os_dbg.o(.constdata)
    OSDbg_Mutex                              0x0800c7c4   Data          44  os_dbg.o(.constdata)
    OSDbg_MutexEn                            0x0800c7f0   Data           1  os_dbg.o(.constdata)
    OSDbg_MutexDelEn                         0x0800c7f1   Data           1  os_dbg.o(.constdata)
    OSDbg_MutexPendAbortEn                   0x0800c7f2   Data           1  os_dbg.o(.constdata)
    OSDbg_MutexSize                          0x0800c7f4   Data           2  os_dbg.o(.constdata)
    OSDbg_ObjTypeChkEn                       0x0800c7f6   Data           1  os_dbg.o(.constdata)
    OSDbg_PendMultiEn                        0x0800c7f7   Data           1  os_dbg.o(.constdata)
    OSDbg_PendDataSize                       0x0800c7f8   Data           2  os_dbg.o(.constdata)
    OSDbg_PendListSize                       0x0800c7fa   Data           2  os_dbg.o(.constdata)
    OSDbg_PendObjSize                        0x0800c7fc   Data           2  os_dbg.o(.constdata)
    OSDbg_PrioMax                            0x0800c7fe   Data           2  os_dbg.o(.constdata)
    OSDbg_PrioTblSize                        0x0800c800   Data           2  os_dbg.o(.constdata)
    OSDbg_PtrSize                            0x0800c802   Data           2  os_dbg.o(.constdata)
    OSDbg_Q                                  0x0800c804   Data          48  os_dbg.o(.constdata)
    OSDbg_QEn                                0x0800c834   Data           1  os_dbg.o(.constdata)
    OSDbg_QDelEn                             0x0800c835   Data           1  os_dbg.o(.constdata)
    OSDbg_QFlushEn                           0x0800c836   Data           1  os_dbg.o(.constdata)
    OSDbg_QPendAbortEn                       0x0800c837   Data           1  os_dbg.o(.constdata)
    OSDbg_QSize                              0x0800c838   Data           2  os_dbg.o(.constdata)
    OSDbg_SchedRoundRobinEn                  0x0800c83a   Data           1  os_dbg.o(.constdata)
    OSDbg_Sem                                0x0800c83c   Data          40  os_dbg.o(.constdata)
    OSDbg_SemEn                              0x0800c864   Data           1  os_dbg.o(.constdata)
    OSDbg_SemDelEn                           0x0800c865   Data           1  os_dbg.o(.constdata)
    OSDbg_SemPendAbortEn                     0x0800c866   Data           1  os_dbg.o(.constdata)
    OSDbg_SemSetEn                           0x0800c867   Data           1  os_dbg.o(.constdata)
    OSDbg_SemSize                            0x0800c868   Data           2  os_dbg.o(.constdata)
    OSDbg_RdyList                            0x0800c86a   Data           2  os_dbg.o(.constdata)
    OSDbg_RdyListSize                        0x0800c86c   Data           4  os_dbg.o(.constdata)
    OSDbg_StkWidth                           0x0800c870   Data           1  os_dbg.o(.constdata)
    OSDbg_StatTaskEn                         0x0800c871   Data           1  os_dbg.o(.constdata)
    OSDbg_StatTaskStkChkEn                   0x0800c872   Data           1  os_dbg.o(.constdata)
    OSDbg_TaskChangePrioEn                   0x0800c873   Data           1  os_dbg.o(.constdata)
    OSDbg_TaskDelEn                          0x0800c874   Data           1  os_dbg.o(.constdata)
    OSDbg_TaskQEn                            0x0800c875   Data           1  os_dbg.o(.constdata)
    OSDbg_TaskQPendAbortEn                   0x0800c876   Data           1  os_dbg.o(.constdata)
    OSDbg_TaskProfileEn                      0x0800c877   Data           1  os_dbg.o(.constdata)
    OSDbg_TaskRegTblSize                     0x0800c878   Data           2  os_dbg.o(.constdata)
    OSDbg_TaskSemPendAbortEn                 0x0800c87a   Data           1  os_dbg.o(.constdata)
    OSDbg_TaskSuspendEn                      0x0800c87b   Data           1  os_dbg.o(.constdata)
    OSDbg_TCBSize                            0x0800c87c   Data           2  os_dbg.o(.constdata)
    OSDbg_TickSpokeSize                      0x0800c87e   Data           2  os_dbg.o(.constdata)
    OSDbg_TimeDlyHMSMEn                      0x0800c880   Data           1  os_dbg.o(.constdata)
    OSDbg_TimeDlyResumeEn                    0x0800c881   Data           1  os_dbg.o(.constdata)
    OSDbg_TLS_TblSize                        0x0800c882   Data           2  os_dbg.o(.constdata)
    OSDbg_Tmr                                0x0800c884   Data          52  os_dbg.o(.constdata)
    OSDbg_TmrEn                              0x0800c8b8   Data           1  os_dbg.o(.constdata)
    OSDbg_TmrDelEn                           0x0800c8b9   Data           1  os_dbg.o(.constdata)
    OSDbg_TmrSize                            0x0800c8ba   Data           2  os_dbg.o(.constdata)
    OSDbg_TmrSpokeSize                       0x0800c8bc   Data           2  os_dbg.o(.constdata)
    OSDbg_VersionNbr                         0x0800c8be   Data           2  os_dbg.o(.constdata)
    OSDbg_DataSize                           0x0800c8c0   Data           4  os_dbg.o(.constdata)
    Region$$Table$$Base                      0x0800c958   Number         0  anon$$obj.o(Region$$Table)
    Region$$Table$$Limit                     0x0800c978   Number         0  anon$$obj.o(Region$$Table)
    SystemCoreClock                          0x20000004   Data           4  system_stm32f4xx.o(.data)
    AHBPrescTable                            0x20000008   Data          16  system_stm32f4xx.o(.data)
    __stdout                                 0x2000002c   Data           4  usart.o(.data)
    USART_RX_STA                             0x20000030   Data           2  usart.o(.data)
    CPU_TS_TmrFreq_Hz                        0x20000034   Data           4  cpu_core.o(.data)
    Mem_PoolTbl                              0x20000038   Data           4  lib_mem.o(.data)
    OSPrioTbl                                0x2000003c   Data           8  os_prio.o(.data)
    OS_AppTaskCreateHookPtr                  0x20000044   Data           4  os_var.o(.data)
    OS_AppTaskDelHookPtr                     0x20000048   Data           4  os_var.o(.data)
    OS_AppTaskReturnHookPtr                  0x2000004c   Data           4  os_var.o(.data)
    OS_AppIdleTaskHookPtr                    0x20000050   Data           4  os_var.o(.data)
    OS_AppStatTaskHookPtr                    0x20000054   Data           4  os_var.o(.data)
    OS_AppTaskSwHookPtr                      0x20000058   Data           4  os_var.o(.data)
    OS_AppTimeTickHookPtr                    0x2000005c   Data           4  os_var.o(.data)
    OSIdleTaskCtr                            0x20000060   Data           4  os_var.o(.data)
    OSIntNestingCtr                          0x20000064   Data           1  os_var.o(.data)
    OSRunning                                0x20000065   Data           1  os_var.o(.data)
    OSIntQInPtr                              0x20000068   Data           4  os_var.o(.data)
    OSIntQOutPtr                             0x2000006c   Data           4  os_var.o(.data)
    OSIntQNbrEntries                         0x20000070   Data           2  os_var.o(.data)
    OSIntQNbrEntriesMax                      0x20000072   Data           2  os_var.o(.data)
    OSIntQOvfCtr                             0x20000074   Data           2  os_var.o(.data)
    OSIntQTaskTimeMax                        0x20000078   Data           4  os_var.o(.data)
    OSFlagDbgListPtr                         0x2000007c   Data           4  os_var.o(.data)
    OSFlagQty                                0x20000080   Data           2  os_var.o(.data)
    OSMemDbgListPtr                          0x20000084   Data           4  os_var.o(.data)
    OSMemQty                                 0x20000088   Data           2  os_var.o(.data)
    OSMutexDbgListPtr                        0x2000008c   Data           4  os_var.o(.data)
    OSMutexQty                               0x20000090   Data           2  os_var.o(.data)
    OSPrioCur                                0x20000092   Data           1  os_var.o(.data)
    OSPrioHighRdy                            0x20000093   Data           1  os_var.o(.data)
    OSPrioSaved                              0x20000094   Data           1  os_var.o(.data)
    OSQDbgListPtr                            0x20000098   Data           4  os_var.o(.data)
    OSQQty                                   0x2000009c   Data           2  os_var.o(.data)
    OSSchedLockTimeBegin                     0x200000a0   Data           4  os_var.o(.data)
    OSSchedLockTimeMax                       0x200000a4   Data           4  os_var.o(.data)
    OSSchedLockTimeMaxCur                    0x200000a8   Data           4  os_var.o(.data)
    OSSchedLockNestingCtr                    0x200000ac   Data           1  os_var.o(.data)
    OSSchedRoundRobinDfltTimeQuanta          0x200000b0   Data           4  os_var.o(.data)
    OSSchedRoundRobinEn                      0x200000b4   Data           1  os_var.o(.data)
    OSSemDbgListPtr                          0x200000b8   Data           4  os_var.o(.data)
    OSSemQty                                 0x200000bc   Data           2  os_var.o(.data)
    OSStatResetFlag                          0x200000be   Data           1  os_var.o(.data)
    OSStatTaskCPUUsage                       0x200000c0   Data           2  os_var.o(.data)
    OSStatTaskCPUUsageMax                    0x200000c2   Data           2  os_var.o(.data)
    OSStatTaskCtr                            0x200000c4   Data           4  os_var.o(.data)
    OSStatTaskCtrMax                         0x200000c8   Data           4  os_var.o(.data)
    OSStatTaskCtrRun                         0x200000cc   Data           4  os_var.o(.data)
    OSStatTaskRdy                            0x200000d0   Data           1  os_var.o(.data)
    OSStatTaskTimeMax                        0x200000d4   Data           4  os_var.o(.data)
    OSTaskCtxSwCtr                           0x200000d8   Data           4  os_var.o(.data)
    OSTaskDbgListPtr                         0x200000dc   Data           4  os_var.o(.data)
    OSTaskQty                                0x200000e0   Data           2  os_var.o(.data)
    OSTaskRegNextAvailID                     0x200000e2   Data           1  os_var.o(.data)
    OSTickCtr                                0x200000e4   Data           4  os_var.o(.data)
    OSTickTaskTimeMax                        0x200000e8   Data           4  os_var.o(.data)
    OSTmrDbgListPtr                          0x200000ec   Data           4  os_var.o(.data)
    OSTmrQty                                 0x200000f0   Data           2  os_var.o(.data)
    OSTmrTaskTimeMax                         0x200000f4   Data           4  os_var.o(.data)
    OSTmrTickCtr                             0x200000f8   Data           4  os_var.o(.data)
    OSTmrUpdateCnt                           0x200000fc   Data           4  os_var.o(.data)
    OSTmrUpdateCtr                           0x20000100   Data           4  os_var.o(.data)
    OSTCBCurPtr                              0x20000104   Data           4  os_var.o(.data)
    OSTCBHighRdyPtr                          0x20000108   Data           4  os_var.o(.data)
    OS_CPU_ExceptStkBase                     0x2000010c   Data           4  os_cpu_c.o(.data)
    StartTaskTCB                             0x20000110   Data         196  main.o(.bss)
    START_TASK_STK                           0x200001d4   Data        2048  main.o(.bss)
    Led0TaskTCB                              0x200009d4   Data         196  main.o(.bss)
    LED0_TASK_STK                            0x20000a98   Data         512  main.o(.bss)
    Led1TaskTCB                              0x20000c98   Data         196  main.o(.bss)
    LED1_TASK_STK                            0x20000d5c   Data         512  main.o(.bss)
    FloatTaskTCB                             0x20000f5c   Data         196  main.o(.bss)
    FLOAT_TASK_STK                           0x20001020   Data         512  main.o(.bss)
    USART_RX_BUF                             0x20001220   Data         200  usart.o(.bss)
    CPU_Name                                 0x200012e8   Data          16  cpu_core.o(.bss)
    Mem_PoolHeap                             0x200012f8   Data          72  lib_mem.o(.bss)
    Mem_Heap                                 0x20001340   Data        1024  lib_mem.o(.bss)
    OSCfg_IdleTaskStk                        0x20001740   Data         512  os_cfg_app.o(.bss)
    OSCfg_IntQ                               0x20001940   Data         320  os_cfg_app.o(.bss)
    OSCfg_IntQTaskStk                        0x20001a80   Data         512  os_cfg_app.o(.bss)
    OSCfg_ISRStk                             0x20001c80   Data         512  os_cfg_app.o(.bss)
    OSCfg_MsgPool                            0x20001e80   Data        1600  os_cfg_app.o(.bss)
    OSCfg_StatTaskStk                        0x200024c0   Data         512  os_cfg_app.o(.bss)
    OSCfg_TickTaskStk                        0x200026c0   Data         512  os_cfg_app.o(.bss)
    OSCfg_TickWheel                          0x200028c0   Data         136  os_cfg_app.o(.bss)
    OSCfg_TmrTaskStk                         0x20002948   Data         512  os_cfg_app.o(.bss)
    OSCfg_TmrWheel                           0x20002b48   Data         136  os_cfg_app.o(.bss)
    OSIdleTaskTCB                            0x20002bd0   Data         196  os_var.o(.bss)
    OSIntQTaskTCB                            0x20002c94   Data         196  os_var.o(.bss)
    OSMsgPool                                0x20002d58   Data          12  os_var.o(.bss)
    OSRdyList                                0x20002d64   Data         768  os_var.o(.bss)
    OSStatTaskTCB                            0x20003064   Data         196  os_var.o(.bss)
    OSTickTaskTCB                            0x20003128   Data         196  os_var.o(.bss)
    OSTmrTaskTCB                             0x200031ec   Data         196  os_var.o(.bss)
    __libspace_start                         0x200032b0   Data          96  libspace.o(.bss)
    __temporary_stack_top$libspace           0x20003310   Data           0  libspace.o(.bss)



==============================================================================

Memory Map of the image

  Image Entry point : 0x08000189

  Load Region LR_IROM1 (Base: 0x08000000, Size: 0x0000caa4, Max: 0x00080000, ABSOLUTE)

    Execution Region ER_IROM1 (Exec base: 0x08000000, Load base: 0x08000000, Size: 0x0000c994, Max: 0x00080000, ABSOLUTE)

    Exec Addr    Load Addr    Size         Type   Attr      Idx    E Section Name        Object

    0x08000000   0x08000000   0x00000188   Data   RO          319    RESET               startup_stm32f40_41xxx.o
    0x08000188   0x08000188   0x00000008   Code   RO          946  * !!!main             c_w.l(__main.o)
    0x08000190   0x08000190   0x00000034   Code   RO         1178    !!!scatter          c_w.l(__scatter.o)
    0x080001c4   0x080001c4   0x0000001a   Code   RO         1180    !!handler_copy      c_w.l(__scatter_copy.o)
    0x080001de   0x080001de   0x00000002   PAD
    0x080001e0   0x080001e0   0x0000001c   Code   RO         1182    !!handler_zi        c_w.l(__scatter_zi.o)
    0x080001fc   0x080001fc   0x00000000   Code   RO          943    .ARM.Collect$$_printf_percent$$00000000  c_w.l(_printf_percent.o)
    0x080001fc   0x080001fc   0x00000006   Code   RO          942    .ARM.Collect$$_printf_percent$$00000003  c_w.l(_printf_f.o)
    0x08000202   0x08000202   0x00000006   Code   RO          941    .ARM.Collect$$_printf_percent$$00000009  c_w.l(_printf_d.o)
    0x08000208   0x08000208   0x00000004   Code   RO          965    .ARM.Collect$$_printf_percent$$00000017  c_w.l(_printf_percent_end.o)
    0x0800020c   0x0800020c   0x00000002   Code   RO         1055    .ARM.Collect$$libinit$$00000000  c_w.l(libinit.o)
    0x0800020e   0x0800020e   0x00000004   Code   RO         1056    .ARM.Collect$$libinit$$00000001  c_w.l(libinit2.o)
    0x08000212   0x08000212   0x00000000   Code   RO         1059    .ARM.Collect$$libinit$$00000004  c_w.l(libinit2.o)
    0x08000212   0x08000212   0x00000000   Code   RO         1062    .ARM.Collect$$libinit$$0000000A  c_w.l(libinit2.o)
    0x08000212   0x08000212   0x00000000   Code   RO         1064    .ARM.Collect$$libinit$$0000000C  c_w.l(libinit2.o)
    0x08000212   0x08000212   0x00000000   Code   RO         1066    .ARM.Collect$$libinit$$0000000E  c_w.l(libinit2.o)
    0x08000212   0x08000212   0x00000006   Code   RO         1067    .ARM.Collect$$libinit$$0000000F  c_w.l(libinit2.o)
    0x08000218   0x08000218   0x00000000   Code   RO         1069    .ARM.Collect$$libinit$$00000011  c_w.l(libinit2.o)
    0x08000218   0x08000218   0x00000000   Code   RO         1071    .ARM.Collect$$libinit$$00000013  c_w.l(libinit2.o)
    0x08000218   0x08000218   0x00000000   Code   RO         1073    .ARM.Collect$$libinit$$00000015  c_w.l(libinit2.o)
    0x08000218   0x08000218   0x0000000a   Code   RO         1074    .ARM.Collect$$libinit$$00000016  c_w.l(libinit2.o)
    0x08000222   0x08000222   0x00000000   Code   RO         1075    .ARM.Collect$$libinit$$00000017  c_w.l(libinit2.o)
    0x08000222   0x08000222   0x00000000   Code   RO         1077    .ARM.Collect$$libinit$$00000019  c_w.l(libinit2.o)
    0x08000222   0x08000222   0x00000000   Code   RO         1079    .ARM.Collect$$libinit$$0000001B  c_w.l(libinit2.o)
    0x08000222   0x08000222   0x00000000   Code   RO         1081    .ARM.Collect$$libinit$$0000001D  c_w.l(libinit2.o)
    0x08000222   0x08000222   0x00000000   Code   RO         1083    .ARM.Collect$$libinit$$0000001F  c_w.l(libinit2.o)
    0x08000222   0x08000222   0x00000000   Code   RO         1085    .ARM.Collect$$libinit$$00000021  c_w.l(libinit2.o)
    0x08000222   0x08000222   0x00000000   Code   RO         1087    .ARM.Collect$$libinit$$00000023  c_w.l(libinit2.o)
    0x08000222   0x08000222   0x00000000   Code   RO         1089    .ARM.Collect$$libinit$$00000025  c_w.l(libinit2.o)
    0x08000222   0x08000222   0x00000000   Code   RO         1093    .ARM.Collect$$libinit$$0000002C  c_w.l(libinit2.o)
    0x08000222   0x08000222   0x00000000   Code   RO         1095    .ARM.Collect$$libinit$$0000002E  c_w.l(libinit2.o)
    0x08000222   0x08000222   0x00000000   Code   RO         1097    .ARM.Collect$$libinit$$00000030  c_w.l(libinit2.o)
    0x08000222   0x08000222   0x00000000   Code   RO         1099    .ARM.Collect$$libinit$$00000032  c_w.l(libinit2.o)
    0x08000222   0x08000222   0x00000002   Code   RO         1100    .ARM.Collect$$libinit$$00000033  c_w.l(libinit2.o)
    0x08000224   0x08000224   0x00000002   Code   RO         1142    .ARM.Collect$$libshutdown$$00000000  c_w.l(libshutdown.o)
    0x08000226   0x08000226   0x00000000   Code   RO         1161    .ARM.Collect$$libshutdown$$00000002  c_w.l(libshutdown2.o)
    0x08000226   0x08000226   0x00000000   Code   RO         1163    .ARM.Collect$$libshutdown$$00000004  c_w.l(libshutdown2.o)
    0x08000226   0x08000226   0x00000000   Code   RO         1166    .ARM.Collect$$libshutdown$$00000007  c_w.l(libshutdown2.o)
    0x08000226   0x08000226   0x00000000   Code   RO         1169    .ARM.Collect$$libshutdown$$0000000A  c_w.l(libshutdown2.o)
    0x08000226   0x08000226   0x00000000   Code   RO         1171    .ARM.Collect$$libshutdown$$0000000C  c_w.l(libshutdown2.o)
    0x08000226   0x08000226   0x00000000   Code   RO         1174    .ARM.Collect$$libshutdown$$0000000F  c_w.l(libshutdown2.o)
    0x08000226   0x08000226   0x00000002   Code   RO         1175    .ARM.Collect$$libshutdown$$00000010  c_w.l(libshutdown2.o)
    0x08000228   0x08000228   0x00000000   Code   RO          954    .ARM.Collect$$rtentry$$00000000  c_w.l(__rtentry.o)
    0x08000228   0x08000228   0x00000000   Code   RO          972    .ARM.Collect$$rtentry$$00000002  c_w.l(__rtentry2.o)
    0x08000228   0x08000228   0x00000006   Code   RO          984    .ARM.Collect$$rtentry$$00000004  c_w.l(__rtentry4.o)
    0x0800022e   0x0800022e   0x00000000   Code   RO          974    .ARM.Collect$$rtentry$$00000009  c_w.l(__rtentry2.o)
    0x0800022e   0x0800022e   0x00000004   Code   RO          975    .ARM.Collect$$rtentry$$0000000A  c_w.l(__rtentry2.o)
    0x08000232   0x08000232   0x00000000   Code   RO          977    .ARM.Collect$$rtentry$$0000000C  c_w.l(__rtentry2.o)
    0x08000232   0x08000232   0x00000008   Code   RO          978    .ARM.Collect$$rtentry$$0000000D  c_w.l(__rtentry2.o)
    0x0800023a   0x0800023a   0x00000002   Code   RO         1101    .ARM.Collect$$rtexit$$00000000  c_w.l(rtexit.o)
    0x0800023c   0x0800023c   0x00000000   Code   RO         1114    .ARM.Collect$$rtexit$$00000002  c_w.l(rtexit2.o)
    0x0800023c   0x0800023c   0x00000004   Code   RO         1115    .ARM.Collect$$rtexit$$00000003  c_w.l(rtexit2.o)
    0x08000240   0x08000240   0x00000006   Code   RO         1116    .ARM.Collect$$rtexit$$00000004  c_w.l(rtexit2.o)
    0x08000246   0x08000246   0x00000002   PAD
    0x08000248   0x08000248   0x0000043c   Code   RO            3    .text               main.o
    0x08000684   0x08000684   0x00000016   Code   RO          224    .text               stm32f4xx_it.o
    0x0800069a   0x0800069a   0x00000002   PAD
    0x0800069c   0x0800069c   0x00000210   Code   RO          273    .text               system_stm32f4xx.o
    0x080008ac   0x080008ac   0x0000003c   Code   RO          299    .text               led.o
    0x080008e8   0x080008e8   0x00000040   Code   RO          320    .text               startup_stm32f40_41xxx.o
    0x08000928   0x08000928   0x000000e0   Code   RO          326    .text               misc.o
    0x08000a08   0x08000a08   0x00000294   Code   RO          346    .text               stm32f4xx_gpio.o
    0x08000c9c   0x08000c9c   0x0000065c   Code   RO          366    .text               stm32f4xx_rcc.o
    0x080012f8   0x080012f8   0x00000454   Code   RO          408    .text               stm32f4xx_usart.o
    0x0800174c   0x0800174c   0x00000148   Code   RO          428    .text               delay.o
    0x08001894   0x08001894   0x00000158   Code   RO          468    .text               usart.o
    0x080019ec   0x080019ec   0x00000084   Code   RO          499    .text               bsp.o
    0x08001a70   0x08001a70   0x000002a8   Code   RO          532    .text               cpu_core.o
    0x08001d18   0x08001d18   0x00000034   Code   RO          558    .text               cpu_a.o
    0x08001d4c   0x08001d4c   0x00000256   Code   RO          561    .text               lib_ascii.o
    0x08001fa2   0x08001fa2   0x00000002   PAD
    0x08001fa4   0x08001fa4   0x000009c6   Code   RO          594    .text               lib_mem.o
    0x0800296a   0x0800296a   0x00000002   PAD
    0x0800296c   0x0800296c   0x0000092c   Code   RO          613    .text               lib_str.o
    0x08003298   0x08003298   0x00000220   Code   RO          630    .text               lib_mem_a.o
    0x080034b8   0x080034b8   0x000000fc   Code   RO          633    .text               os_cfg_app.o
    0x080035b4   0x080035b4   0x00000df0   Code   RO          656    .text               os_core.o
    0x080043a4   0x080043a4   0x000001b0   Code   RO          668    .text               os_dbg.o
    0x08004554   0x08004554   0x00000e28   Code   RO          683    .text               os_flag.o
    0x0800537c   0x0800537c   0x00000444   Code   RO          695    .text               os_int.o
    0x080057c0   0x080057c0   0x00000238   Code   RO          707    .text               os_mem.o
    0x080059f8   0x080059f8   0x0000022c   Code   RO          719    .text               os_msg.o
    0x08005c24   0x08005c24   0x00000ad4   Code   RO          731    .text               os_mutex.o
    0x080066f8   0x080066f8   0x0000007c   Code   RO          749    .text               os_prio.o
    0x08006774   0x08006774   0x000008d8   Code   RO          768    .text               os_q.o
    0x0800704c   0x0800704c   0x00000830   Code   RO          780    .text               os_sem.o
    0x0800787c   0x0800787c   0x00000638   Code   RO          792    .text               os_stat.o
    0x08007eb4   0x08007eb4   0x00001bb4   Code   RO          804    .text               os_task.o
    0x08009a68   0x08009a68   0x000004fc   Code   RO          816    .text               os_tick.o
    0x08009f64   0x08009f64   0x00000564   Code   RO          828    .text               os_time.o
    0x0800a4c8   0x0800a4c8   0x00000818   Code   RO          840    .text               os_tmr.o
    0x0800ace0   0x0800ace0   0x000003f8   Code   RO          868    .text               os_cpu_c.o
    0x0800b0d8   0x0800b0d8   0x00000002   Code   RO          909    .text               c_w.l(use_no_semi_2.o)
    0x0800b0da   0x0800b0da   0x000000ee   Code   RO          911    .text               c_w.l(lludivv7m.o)
    0x0800b1c8   0x0800b1c8   0x00000018   Code   RO          915    .text               c_w.l(noretval__2printf.o)
    0x0800b1e0   0x0800b1e0   0x00000078   Code   RO          919    .text               c_w.l(_printf_dec.o)
    0x0800b258   0x0800b258   0x0000010e   Code   RO          929    .text               c_w.l(__printf_wp.o)
    0x0800b366   0x0800b366   0x00000006   Code   RO          944    .text               c_w.l(heapauxi.o)
    0x0800b36c   0x0800b36c   0x00000002   Code   RO          952    .text               c_w.l(use_no_semi.o)
    0x0800b36e   0x0800b36e   0x000000b2   Code   RO          959    .text               c_w.l(_printf_intcommon.o)
    0x0800b420   0x0800b420   0x0000041e   Code   RO          961    .text               c_w.l(_printf_fp_dec.o)
    0x0800b83e   0x0800b83e   0x00000002   PAD
    0x0800b840   0x0800b840   0x00000024   Code   RO          963    .text               c_w.l(_printf_char_file.o)
    0x0800b864   0x0800b864   0x00000008   Code   RO          991    .text               c_w.l(rt_locale_intlibspace.o)
    0x0800b86c   0x0800b86c   0x0000008a   Code   RO          993    .text               c_w.l(lludiv10.o)
    0x0800b8f6   0x0800b8f6   0x00000002   PAD
    0x0800b8f8   0x0800b8f8   0x00000030   Code   RO          995    .text               c_w.l(_printf_char_common.o)
    0x0800b928   0x0800b928   0x00000080   Code   RO          997    .text               c_w.l(_printf_fp_infnan.o)
    0x0800b9a8   0x0800b9a8   0x000000e4   Code   RO          999    .text               c_w.l(bigflt0.o)
    0x0800ba8c   0x0800ba8c   0x00000008   Code   RO         1024    .text               c_w.l(ferror.o)
    0x0800ba94   0x0800ba94   0x00000008   Code   RO         1035    .text               c_w.l(libspace.o)
    0x0800ba9c   0x0800ba9c   0x0000004a   Code   RO         1038    .text               c_w.l(sys_stackheap_outer.o)
    0x0800bae6   0x0800bae6   0x00000012   Code   RO         1042    .text               c_w.l(exit.o)
    0x0800baf8   0x0800baf8   0x00000080   Code   RO         1048    .text               c_w.l(strcmpv7m.o)
    0x0800bb78   0x0800bb78   0x0000003e   Code   RO         1002    CL$$btod_d2e        c_w.l(btod.o)
    0x0800bbb6   0x0800bbb6   0x00000046   Code   RO         1004    CL$$btod_d2e_denorm_low  c_w.l(btod.o)
    0x0800bbfc   0x0800bbfc   0x00000060   Code   RO         1003    CL$$btod_d2e_norm_op1  c_w.l(btod.o)
    0x0800bc5c   0x0800bc5c   0x00000338   Code   RO         1012    CL$$btod_div_common  c_w.l(btod.o)
    0x0800bf94   0x0800bf94   0x000000dc   Code   RO         1009    CL$$btod_e2e        c_w.l(btod.o)
    0x0800c070   0x0800c070   0x0000002a   Code   RO         1006    CL$$btod_ediv       c_w.l(btod.o)
    0x0800c09a   0x0800c09a   0x0000002a   Code   RO         1005    CL$$btod_emul       c_w.l(btod.o)
    0x0800c0c4   0x0800c0c4   0x00000244   Code   RO         1011    CL$$btod_mult_common  c_w.l(btod.o)
    0x0800c308   0x0800c308   0x000000ac   Code   RO          892    CODE                os_cpu_a.o
    0x0800c3b4   0x0800c3b4   0x00000030   Code   RO         1033    i.__ARM_fpclassify  m_wm.l(fpclassify.o)
    0x0800c3e4   0x0800c3e4   0x0000000e   Code   RO          931    i._is_digit         c_w.l(__printf_wp.o)
    0x0800c3f2   0x0800c3f2   0x00000002   PAD
    0x0800c3f4   0x0800c3f4   0x0000002c   Code   RO         1029    locale$$code        c_w.l(lc_numeric_c.o)
    0x0800c420   0x0800c420   0x0000000c   Code   RO          966    x$fpl$dretinf       fz_wm.l(dretinf.o)
    0x0800c42c   0x0800c42c   0x00000056   Code   RO          948    x$fpl$f2d           fz_wm.l(f2d.o)
    0x0800c482   0x0800c482   0x0000008c   Code   RO          968    x$fpl$fnaninf       fz_wm.l(fnaninf.o)
    0x0800c50e   0x0800c50e   0x0000000a   Code   RO         1111    x$fpl$fpinit        fz_wm.l(fpinit.o)
    0x0800c518   0x0800c518   0x00000004   Code   RO          950    x$fpl$printf1       fz_wm.l(printf1.o)
    0x0800c51c   0x0800c51c   0x00000000   Code   RO          970    x$fpl$usenofp       fz_wm.l(usenofp.o)
    0x0800c51c   0x0800c51c   0x00000104   Data   RO          534    .constdata          cpu_core.o
    0x0800c620   0x0800c620   0x00000094   Data   RO          614    .constdata          lib_str.o
    0x0800c6b4   0x0800c6b4   0x000000a4   Data   RO          635    .constdata          os_cfg_app.o
    0x0800c758   0x0800c758   0x0000016c   Data   RO          669    .constdata          os_dbg.o
    0x0800c8c4   0x0800c8c4   0x00000094   Data   RO         1000    .constdata          c_w.l(bigflt0.o)
    0x0800c958   0x0800c958   0x00000020   Data   RO         1176    Region$$Table       anon$$obj.o
    0x0800c978   0x0800c978   0x0000001c   Data   RO         1028    locale$$data        c_w.l(lc_numeric_c.o)


    Execution Region RW_IRAM1 (Exec base: 0x20000000, Load base: 0x0800c994, Size: 0x00003910, Max: 0x00020000, ABSOLUTE)

    Exec Addr    Load Addr    Size         Type   Attr      Idx    E Section Name        Object

    0x20000000   0x0800c994   0x00000004   Data   RW            5    .data               main.o
    0x20000004   0x0800c998   0x00000014   Data   RW          274    .data               system_stm32f4xx.o
    0x20000018   0x0800c9ac   0x00000010   Data   RW          367    .data               stm32f4xx_rcc.o
    0x20000028   0x0800c9bc   0x00000004   Data   RW          429    .data               delay.o
    0x2000002c   0x0800c9c0   0x00000006   Data   RW          470    .data               usart.o
    0x20000032   0x0800c9c6   0x00000002   PAD
    0x20000034   0x0800c9c8   0x00000004   Data   RW          535    .data               cpu_core.o
    0x20000038   0x0800c9cc   0x00000004   Data   RW          596    .data               lib_mem.o
    0x2000003c   0x0800c9d0   0x00000008   Data   RW          750    .data               os_prio.o
    0x20000044   0x0800c9d8   0x000000c8   Data   RW          853    .data               os_var.o
    0x2000010c   0x0800caa0   0x00000004   Data   RW          869    .data               os_cpu_c.o
    0x20000110        -       0x00001110   Zero   RW            4    .bss                main.o
    0x20001220        -       0x000000c8   Zero   RW          469    .bss                usart.o
    0x200012e8        -       0x00000010   Zero   RW          533    .bss                cpu_core.o
    0x200012f8        -       0x00000448   Zero   RW          595    .bss                lib_mem.o
    0x20001740        -       0x00001490   Zero   RW          634    .bss                os_cfg_app.o
    0x20002bd0        -       0x000006e0   Zero   RW          852    .bss                os_var.o
    0x200032b0        -       0x00000060   Zero   RW         1036    .bss                c_w.l(libspace.o)
    0x20003310        -       0x00000200   Zero   RW          318    HEAP                startup_stm32f40_41xxx.o
    0x20003510        -       0x00000400   Zero   RW          317    STACK               startup_stm32f40_41xxx.o


==============================================================================

Image component sizes


      Code (inc. data)   RO Data    RW Data    ZI Data      Debug   Object Name

       132         14          0          0          0       1247   bsp.o
        52          0          0          0          0        344   cpu_a.o
       680         14        260          4         16      14879   cpu_core.o
       328         24          0          4          0       1949   delay.o
        60          6          0          0          0        555   led.o
       598          0          0          0          0       3996   lib_ascii.o
      2502         32          0          4       1096      22488   lib_mem.o
       544          0          0          0          0        492   lib_mem_a.o
      2348          6        148          0          0      13990   lib_str.o
      1084        188          0          4       4368     305091   main.o
       224         20          0          0          0       2017   misc.o
       252        166        164          0       5264      21026   os_cfg_app.o
      3568        284          0          0          0      12685   os_core.o
       172         32          0          0          0        412   os_cpu_a.o
      1016         64          0          4          0       4201   os_cpu_c.o
       432        286        364          0          0       4857   os_dbg.o
      3624        110          0          0          0       8319   os_flag.o
      1092        146          0          0          0       2428   os_int.o
       568         20          0          0          0       2948   os_mem.o
       556         12          0          0          0       2935   os_msg.o
      2772        114          0          0          0       5854   os_mutex.o
       124          4          0          8          0       2000   os_prio.o
      2264         76          0          0          0       6620   os_q.o
      2096         70          0          0          0       6640   os_sem.o
      1592        180          0          0          0       2905   os_stat.o
      7092        270          0          0          0      14466   os_task.o
      1276         90          0          0          0       3525   os_tick.o
      1380         46          0          0          0       3381   os_time.o
      2072        140          0          0          0       6766   os_tmr.o
         0          0          0        200       1760      19397   os_var.o
        64         26        392          0       1536        852   startup_stm32f40_41xxx.o
       660         44          0          0          0       4353   stm32f4xx_gpio.o
        22          0          0          0          0       1067   stm32f4xx_it.o
      1628         52          0         16          0      13288   stm32f4xx_rcc.o
      1108         34          0          0          0       8084   stm32f4xx_usart.o
       528         46          0         20          0       1871   system_stm32f4xx.o
       344         16          0          6        200       3430   usart.o

    ----------------------------------------------------------------------
     44860       2632       1360        272      14240     531358   Object Totals
         0          0         32          0          0          0   (incl. Generated)
         6          0          0          2          0          0   (incl. Padding)

    ----------------------------------------------------------------------

      Code (inc. data)   RO Data    RW Data    ZI Data      Debug   Library Member Name

         8          0          0          0          0         68   __main.o
       284          0          0          0          0        156   __printf_wp.o
         0          0          0          0          0          0   __rtentry.o
        12          0          0          0          0          0   __rtentry2.o
         6          0          0          0          0          0   __rtentry4.o
        52          8          0          0          0          0   __scatter.o
        26          0          0          0          0          0   __scatter_copy.o
        28          0          0          0          0          0   __scatter_zi.o
        48          6          0          0          0         96   _printf_char_common.o
        36          4          0          0          0         80   _printf_char_file.o
         6          0          0          0          0          0   _printf_d.o
       120         16          0          0          0         92   _printf_dec.o
         6          0          0          0          0          0   _printf_f.o
      1054          0          0          0          0        216   _printf_fp_dec.o
       128         16          0          0          0         84   _printf_fp_infnan.o
       178          0          0          0          0         88   _printf_intcommon.o
         0          0          0          0          0          0   _printf_percent.o
         4          0          0          0          0          0   _printf_percent_end.o
       228          4        148          0          0         96   bigflt0.o
      1936        128          0          0          0        672   btod.o
        18          0          0          0          0         80   exit.o
         8          0          0          0          0         68   ferror.o
         6          0          0          0          0        152   heapauxi.o
        44         10         28          0          0         76   lc_numeric_c.o
         2          0          0          0          0          0   libinit.o
        22          0          0          0          0          0   libinit2.o
         2          0          0          0          0          0   libshutdown.o
         2          0          0          0          0          0   libshutdown2.o
         8          4          0          0         96         68   libspace.o
       138          0          0          0          0         80   lludiv10.o
       238          0          0          0          0        100   lludivv7m.o
        24          4          0          0          0         84   noretval__2printf.o
         8          4          0          0          0         68   rt_locale_intlibspace.o
         2          0          0          0          0          0   rtexit.o
        10          0          0          0          0          0   rtexit2.o
       128          0          0          0          0         68   strcmpv7m.o
        74          0          0          0          0         80   sys_stackheap_outer.o
         2          0          0          0          0         68   use_no_semi.o
         2          0          0          0          0         68   use_no_semi_2.o
        12          0          0          0          0        116   dretinf.o
        86          4          0          0          0        132   f2d.o
       140          4          0          0          0        132   fnaninf.o
        10          0          0          0          0        116   fpinit.o
         4          0          0          0          0        116   printf1.o
         0          0          0          0          0          0   usenofp.o
        48          0          0          0          0        124   fpclassify.o

    ----------------------------------------------------------------------
      5208        212        176          0         96       3444   Library Totals
        10          0          0          0          0          0   (incl. Padding)

    ----------------------------------------------------------------------

      Code (inc. data)   RO Data    RW Data    ZI Data      Debug   Library Name

      4898        204        176          0         96       2708   c_w.l
       252          8          0          0          0        612   fz_wm.l
        48          0          0          0          0        124   m_wm.l

    ----------------------------------------------------------------------
      5208        212        176          0         96       3444   Library Totals

    ----------------------------------------------------------------------

==============================================================================


      Code (inc. data)   RO Data    RW Data    ZI Data      Debug   

     50068       2844       1536        272      14336     525146   Grand Totals
     50068       2844       1536        272      14336     525146   ELF Image Totals
     50068       2844       1536        272          0          0   ROM Totals

==============================================================================

    Total RO  Size (Code + RO Data)                51604 (  50.39kB)
    Total RW  Size (RW Data + ZI Data)             14608 (  14.27kB)
    Total ROM Size (Code + RO Data + RW Data)      51876 (  50.66kB)

==============================================================================

